Archive member included because of file (symbol)

/Users/mikevanis/Documents/workspace/gcc-arm-none-eabi-4_8-2014q1/bin/../lib/gcc/arm-none-eabi/4.8.3/../../../../arm-none-eabi/lib/armv7e-m/libg.a(lib_a-memset.o)
                              build/obj/syscalls.o (memset)
/Users/mikevanis/Documents/workspace/gcc-arm-none-eabi-4_8-2014q1/bin/../lib/gcc/arm-none-eabi/4.8.3/../../../../arm-none-eabi/lib/armv7e-m/libg.a(lib_a-strcasecmp.o)
                              build/obj/shell.o (strcasecmp)
/Users/mikevanis/Documents/workspace/gcc-arm-none-eabi-4_8-2014q1/bin/../lib/gcc/arm-none-eabi/4.8.3/../../../../arm-none-eabi/lib/armv7e-m/libg.a(lib_a-strpbrk.o)
                              build/obj/shell.o (strpbrk)
/Users/mikevanis/Documents/workspace/gcc-arm-none-eabi-4_8-2014q1/bin/../lib/gcc/arm-none-eabi/4.8.3/../../../../arm-none-eabi/lib/armv7e-m/libg.a(lib_a-strspn.o)
                              build/obj/shell.o (strspn)
/Users/mikevanis/Documents/workspace/gcc-arm-none-eabi-4_8-2014q1/bin/../lib/gcc/arm-none-eabi/4.8.3/../../../../arm-none-eabi/lib/armv7e-m/libg.a(lib_a-ctype_.o)
                              /Users/mikevanis/Documents/workspace/gcc-arm-none-eabi-4_8-2014q1/bin/../lib/gcc/arm-none-eabi/4.8.3/../../../../arm-none-eabi/lib/armv7e-m/libg.a(lib_a-strcasecmp.o) (__ctype_ptr__)

Discarded input sections

 .text          0x0000000000000000        0x0 build/obj/crt0.o
 .data          0x0000000000000000        0x0 build/obj/crt0.o
 .bss           0x0000000000000000        0x0 build/obj/crt0.o
 .text.__early_init
                0x0000000000000000       0x10 build/obj/crt0.o
 .text          0x0000000000000000        0x0 build/obj/vectors.o
 .data          0x0000000000000000        0x0 build/obj/vectors.o
 .bss           0x0000000000000000        0x0 build/obj/vectors.o
 .text          0x0000000000000000        0x0 build/obj/chcore.o
 .data          0x0000000000000000        0x0 build/obj/chcore.o
 .bss           0x0000000000000000        0x0 build/obj/chcore.o
 .text          0x0000000000000000        0x0 build/obj/chcore_v7m.o
 .data          0x0000000000000000        0x0 build/obj/chcore_v7m.o
 .bss           0x0000000000000000        0x0 build/obj/chcore_v7m.o
 .text          0x0000000000000000        0x0 build/obj/nvic.o
 .data          0x0000000000000000        0x0 build/obj/nvic.o
 .bss           0x0000000000000000        0x0 build/obj/nvic.o
 .text          0x0000000000000000        0x0 build/obj/chsys.o
 .data          0x0000000000000000        0x0 build/obj/chsys.o
 .bss           0x0000000000000000        0x0 build/obj/chsys.o
 .text          0x0000000000000000        0x0 build/obj/chdebug.o
 .data          0x0000000000000000        0x0 build/obj/chdebug.o
 .bss           0x0000000000000000        0x0 build/obj/chdebug.o
 .debug_info    0x0000000000000000       0x79 build/obj/chdebug.o
 .debug_abbrev  0x0000000000000000       0x26 build/obj/chdebug.o
 .debug_aranges
                0x0000000000000000       0x18 build/obj/chdebug.o
 .debug_line    0x0000000000000000       0x1d build/obj/chdebug.o
 .debug_str     0x0000000000000000      0x1d9 build/obj/chdebug.o
 .comment       0x0000000000000000       0x71 build/obj/chdebug.o
 .ARM.attributes
                0x0000000000000000       0x33 build/obj/chdebug.o
 .text          0x0000000000000000        0x0 build/obj/chlists.o
 .data          0x0000000000000000        0x0 build/obj/chlists.o
 .bss           0x0000000000000000        0x0 build/obj/chlists.o
 .debug_info    0x0000000000000000       0x79 build/obj/chlists.o
 .debug_abbrev  0x0000000000000000       0x26 build/obj/chlists.o
 .debug_aranges
                0x0000000000000000       0x18 build/obj/chlists.o
 .debug_line    0x0000000000000000       0x1d build/obj/chlists.o
 .debug_str     0x0000000000000000      0x1d9 build/obj/chlists.o
 .comment       0x0000000000000000       0x71 build/obj/chlists.o
 .ARM.attributes
                0x0000000000000000       0x33 build/obj/chlists.o
 .text          0x0000000000000000        0x0 build/obj/chvt.o
 .data          0x0000000000000000        0x0 build/obj/chvt.o
 .bss           0x0000000000000000        0x0 build/obj/chvt.o
 .text          0x0000000000000000        0x0 build/obj/chschd.o
 .data          0x0000000000000000        0x0 build/obj/chschd.o
 .bss           0x0000000000000000        0x0 build/obj/chschd.o
 .text          0x0000000000000000        0x0 build/obj/chthreads.o
 .data          0x0000000000000000        0x0 build/obj/chthreads.o
 .bss           0x0000000000000000        0x0 build/obj/chthreads.o
 .text.chThdSetPriority
                0x0000000000000000       0x30 build/obj/chthreads.o
 .text.chThdResume
                0x0000000000000000       0x20 build/obj/chthreads.o
 .text.chThdTerminate
                0x0000000000000000       0x20 build/obj/chthreads.o
 .text.chThdSleepUntil
                0x0000000000000000       0x30 build/obj/chthreads.o
 .text.chThdYield
[...]
Memory Configuration

Name             Origin             Length             Attributes
flash            0x0000000008000000 0x0000000000100000
ram              0x0000000020000000 0x000000000001c000
ethram           0x000000002001c000 0x0000000000004000
ccmram           0x0000000010000000 0x0000000000010000
*default*        0x0000000000000000 0xffffffffffffffff

Linker script and memory map

LOAD build/obj/crt0.o
LOAD build/obj/vectors.o
LOAD build/obj/chcore.o
LOAD build/obj/chcore_v7m.o
LOAD build/obj/nvic.o
LOAD build/obj/chsys.o
LOAD build/obj/chdebug.o
LOAD build/obj/chlists.o
LOAD build/obj/chvt.o
LOAD build/obj/chschd.o
LOAD build/obj/chthreads.o
LOAD build/obj/chdynamic.o
LOAD build/obj/chregistry.o
LOAD build/obj/chsem.o
LOAD build/obj/chmtx.o
LOAD build/obj/chcond.o
LOAD build/obj/chevents.o
LOAD build/obj/chmsg.o
LOAD build/obj/chmboxes.o
LOAD build/obj/chqueues.o
LOAD build/obj/chmemcore.o
LOAD build/obj/chheap.o
LOAD build/obj/chmempools.o
LOAD build/obj/hal.o
LOAD build/obj/adc.o
LOAD build/obj/can.o
LOAD build/obj/ext.o
LOAD build/obj/gpt.o
LOAD build/obj/i2c.o
LOAD build/obj/icu.o
LOAD build/obj/mac.o
LOAD build/obj/mmc_spi.o
LOAD build/obj/mmcsd.o
LOAD build/obj/pal.o
LOAD build/obj/pwm.o
LOAD build/obj/rtc.o
LOAD build/obj/sdc.o
LOAD build/obj/serial.o
LOAD build/obj/serial_usb.o
LOAD build/obj/spi.o
LOAD build/obj/tm.o
LOAD build/obj/uart.o
LOAD build/obj/usb.o
LOAD build/obj/dcmi.o
LOAD build/obj/stm32_dma.o
LOAD build/obj/hal_lld.o
LOAD build/obj/adc_lld.o
LOAD build/obj/ext_lld_isr.o
LOAD build/obj/dcmi_lld.o
LOAD build/obj/can_lld.o
LOAD build/obj/ext_lld.o
LOAD build/obj/mac_lld.o
LOAD build/obj/sdc_lld.o
LOAD build/obj/pal_lld.o
LOAD build/obj/i2c_lld.o
LOAD build/obj/usb_lld.o
LOAD build/obj/rtc_lld.o
LOAD build/obj/spi_lld.o
LOAD build/obj/gpt_lld.o
LOAD build/obj/icu_lld.o
LOAD build/obj/pwm_lld.o
LOAD build/obj/serial_lld.o
LOAD build/obj/uart_lld.o
LOAD build/obj/board.o
LOAD build/obj/fatfs_diskio.o
LOAD build/obj/fatfs_syscall.o
LOAD build/obj/ff.o
LOAD build/obj/ccsbcs.o
LOAD build/obj/shell.o
LOAD build/obj/evtimer.o
LOAD build/obj/syscalls.o
LOAD build/obj/chprintf.o
LOAD build/obj/SCCB.o
LOAD build/obj/hwinit.o
LOAD build/obj/OV2640.o
LOAD build/obj/main.o
                0x0000000000000400                __main_stack_size__ = 0x400
                0x0000000000000400                __process_stack_size__ = 0x400
                0x0000000020000000                __ram_start__ = ORIGIN (ram)
                0x000000000001c000                __ram_size__ = 0x1c000
                0x000000002001c000                __ram_end__ = (__ram_start__ + __ram_size__)
                0x0000000000000000                . = 0x0
                0x0000000000000000                _text = .

startup         0x0000000008000000      0x1ac
 *(vectors)
 vectors        0x0000000008000000      0x1ac build/obj/vectors.o
                0x0000000008000000                _vectors

constructors    0x00000000080001ac        0x0
                0x00000000080001ac                PROVIDE (__init_array_start, .)
 *(SORT(.init_array.*))
 *(.init_array)
                0x00000000080001ac                PROVIDE (__init_array_end, .)

destructors     0x00000000080001ac        0x0
                0x00000000080001ac                PROVIDE (__fini_array_start, .)
 *(.fini_array)
 *(SORT(.fini_array.*))
                0x00000000080001ac                PROVIDE (__fini_array_end, .)

.text           0x00000000080001b0     0x7964
 *(.text.startup.*)
 .text.startup.main
                0x00000000080001b0      0x140 build/obj/main.o
                0x00000000080001b0                main
 *(.text)
 *(.text.*)
 .text.__late_init
                0x00000000080002f0       0x10 build/obj/crt0.o
                0x00000000080002f0                __late_init
 .text._default_exit
                0x0000000008000300       0x10 build/obj/crt0.o
                0x0000000008000300                _default_exit
 .text.ResetHandler
                0x0000000008000310      0x100 build/obj/crt0.o
                0x0000000008000310                ResetHandler
 .text._unhandled_exception
                0x0000000008000410       0x10 build/obj/vectors.o
                0x0000000008000410                Vector174
                0x0000000008000410                VectorE8
                0x0000000008000410                Vector9C
                0x0000000008000410                Vector1A0
                0x0000000008000410                Vector5C
                0x0000000008000410                NMIVector
                0x0000000008000410                Vector11C
                0x0000000008000410                Vector19C
                0x0000000008000410                Vector8C
                0x0000000008000410                VectorDC
                0x0000000008000410                Vector168
                0x0000000008000410                Vector110
                0x0000000008000410                VectorC8
                0x0000000008000410                Vector94
                0x0000000008000410                VectorA8
                0x0000000008000410                VectorB4
                0x0000000008000410                Vector160
                0x0000000008000410                VectorEC
                0x0000000008000410                UsageFaultVector
                0x0000000008000410                DebugMonitorVector
                0x0000000008000410                Vector40
                0x0000000008000410                VectorF8
                0x0000000008000410                Vector108
                0x0000000008000410                Vector190
                0x0000000008000410                Vector148
                0x0000000008000410                Vector188
                0x0000000008000410                PendSVVector
                0x0000000008000410                Vector198
                0x0000000008000410                Vector118
                0x0000000008000410                Vector64
                0x0000000008000410                VectorCC
                0x0000000008000410                Vector54
                0x0000000008000410                Vector98
                0x0000000008000410                Vector138
                0x0000000008000410                Vector24
                0x0000000008000410                Vector1A4
                0x0000000008000410                BusFaultVector
                0x0000000008000410                VectorD0
                0x0000000008000410                Vector140
                0x0000000008000410                VectorE4
                0x0000000008000410                HardFaultVector
                0x0000000008000410                Vector134
                0x0000000008000410                VectorF0
                0x0000000008000410                Vector13C
                0x0000000008000410                Vector100
                0x0000000008000410                VectorE0
                0x0000000008000410                VectorF4
                0x0000000008000410                MemManageVector
                0x0000000008000410                VectorA0
                0x0000000008000410                VectorC4
                0x0000000008000410                Vector180
                0x0000000008000410                VectorB0
                0x0000000008000410                Vector90
                0x0000000008000410                Vector114
                0x0000000008000410                Vector164
                0x0000000008000410                Vector60
                0x0000000008000410                Vector1C
                0x0000000008000410                Vector17C
                0x0000000008000410                Vector48
                0x0000000008000410                Vector1A8
                0x0000000008000410                Vector16C
                0x0000000008000410                VectorD4
                0x0000000008000410                Vector4C
                0x0000000008000410                Vector144
                0x0000000008000410                Vector15C
                0x0000000008000410                Vector68
                0x0000000008000410                _unhandled_exception
                0x0000000008000410                Vector170
                0x0000000008000410                Vector88
                0x0000000008000410                Vector104
                0x0000000008000410                Vector184
                0x0000000008000410                Vector10C
                0x0000000008000410                Vector14C
                0x0000000008000410                Vector50
                0x0000000008000410                Vector194
                0x0000000008000410                Vector44
                0x0000000008000410                Vector28
                0x0000000008000410                Vector34
                0x0000000008000410                Vector20
                0x0000000008000410                Vector18C
                0x0000000008000410                Vector58
 .text.port_halt
                0x0000000008000420       0x10 build/obj/chcore.o
                0x0000000008000420                port_halt
 .text._port_switch_from_isr
                0x0000000008000430       0x10 build/obj/chcore_v7m.o
                0x0000000008000430                _port_switch_from_isr
 .text.SVCallVector
                0x0000000008000440       0x20 build/obj/chcore_v7m.o
                0x0000000008000440                SVCallVector
 .text._port_init
                0x0000000008000460       0x30 build/obj/chcore_v7m.o
                0x0000000008000460                _port_init
 .text._port_irq_epilogue
                0x0000000008000490       0x70 build/obj/chcore_v7m.o
                0x0000000008000490                _port_irq_epilogue
 .text.SysTickVector
                0x0000000008000500       0x20 build/obj/chcore_v7m.o
                0x0000000008000500                SysTickVector
 .text._port_switch
                0x0000000008000520       0x10 build/obj/chcore_v7m.o
                0x0000000008000520                _port_switch
 .text._port_thread_start
                0x0000000008000530       0x10 build/obj/chcore_v7m.o
                0x0000000008000530                _port_thread_start
 .text.nvicEnableVector
                0x0000000008000540       0x50 build/obj/nvic.o
                0x0000000008000540                nvicEnableVector
 .text.nvicDisableVector
                0x0000000008000590       0x50 build/obj/nvic.o
                0x0000000008000590                nvicDisableVector
 .text.nvicSetSystemHandlerPriority
                0x00000000080005e0       0x30 build/obj/nvic.o
                0x00000000080005e0                nvicSetSystemHandlerPriority
 .text._idle_thread
                0x0000000008000610       0x20 build/obj/chsys.o
                0x0000000008000610                _idle_thread
 .text.chSysInit
                0x0000000008000630       0x70 build/obj/chsys.o
                0x0000000008000630                chSysInit
 .text.chSysTimerHandlerI
                0x00000000080006a0       0x60 build/obj/chsys.o
                0x00000000080006a0                chSysTimerHandlerI
 .text._vt_init
                0x0000000008000700       0x20 build/obj/chvt.o
                0x0000000008000700                _vt_init
 .text.chVTSetI
                0x0000000008000720       0x40 build/obj/chvt.o
                0x0000000008000720                chVTSetI
 .text.chVTResetI
                0x0000000008000760       0x30 build/obj/chvt.o
                0x0000000008000760                chVTResetI
 .text.wakeup   0x0000000008000790       0x70 build/obj/chschd.o
 .text._scheduler_init
                0x0000000008000800       0x20 build/obj/chschd.o
                0x0000000008000800                _scheduler_init
 .text.chSchReadyI
                0x0000000008000820       0x30 build/obj/chschd.o
                0x0000000008000820                chSchReadyI
 .text.chSchGoSleepS
                0x0000000008000850       0x30 build/obj/chschd.o
                0x0000000008000850                chSchGoSleepS
 .text.chSchGoSleepTimeoutS
                0x0000000008000880       0x50 build/obj/chschd.o
                0x0000000008000880                chSchGoSleepTimeoutS
 .text.chSchWakeupS
                0x00000000080008d0       0x60 build/obj/chschd.o
                0x00000000080008d0                chSchWakeupS
 .text.chSchDoRescheduleBehind
                0x0000000008000930       0x40 build/obj/chschd.o
                0x0000000008000930                chSchDoRescheduleBehind
 .text.chSchDoRescheduleAhead
                0x0000000008000970       0x40 build/obj/chschd.o
                0x0000000008000970                chSchDoRescheduleAhead
 .text.chSchRescheduleS
                0x00000000080009b0       0x20 build/obj/chschd.o
                0x00000000080009b0                chSchRescheduleS
 .text.chSchDoReschedule
                0x00000000080009d0       0x20 build/obj/chschd.o
                0x00000000080009d0                chSchDoReschedule
 .text._thread_init
                0x00000000080009f0       0x50 build/obj/chthreads.o
                0x00000000080009f0                _thread_init
 .text.chThdCreateI
                0x0000000008000a40       0x70 build/obj/chthreads.o
                0x0000000008000a40                chThdCreateI
 .text.chThdCreateStatic
                0x0000000008000ab0       0x90 build/obj/chthreads.o
                0x0000000008000ab0                chThdCreateStatic
 .text.chThdSleep
                0x0000000008000b40       0x20 build/obj/chthreads.o
                0x0000000008000b40                chThdSleep
 .text.chThdExitS
                0x0000000008000b60       0x40 build/obj/chthreads.o
                0x0000000008000b60                chThdExitS
 .text.chThdExit
                0x0000000008000ba0       0x10 build/obj/chthreads.o
                0x0000000008000ba0                chThdExit
 .text.chThdRelease
                0x0000000008000bb0       0x50 build/obj/chdynamic.o
                0x0000000008000bb0                chThdRelease
 .text.chThdCreateFromHeap
                0x0000000008000c00       0x40 build/obj/chdynamic.o
                0x0000000008000c00                chThdCreateFromHeap
 .text.chRegFirstThread
                0x0000000008000c40       0x20 build/obj/chregistry.o
                0x0000000008000c40                chRegFirstThread
 .text.chRegNextThread
                0x0000000008000c60       0x30 build/obj/chregistry.o
                0x0000000008000c60                chRegNextThread
 .text.chSemInit
                0x0000000008000c90       0x10 build/obj/chsem.o
                0x0000000008000c90                chSemInit
 .text.chSemResetI
                0x0000000008000ca0       0x30 build/obj/chsem.o
                0x0000000008000ca0                chSemResetI
 .text.chSemReset
                0x0000000008000cd0       0x20 build/obj/chsem.o
                0x0000000008000cd0                chSemReset
 .text.chSemWaitTimeoutS
                0x0000000008000cf0       0x40 build/obj/chsem.o
                0x0000000008000cf0                chSemWaitTimeoutS
 .text.chSemWaitTimeout
                0x0000000008000d30       0x20 build/obj/chsem.o
                0x0000000008000d30                chSemWaitTimeout
 .text.chSemSignal
                0x0000000008000d50       0x40 build/obj/chsem.o
                0x0000000008000d50                chSemSignal
 .text.chMtxInit
                0x0000000008000d90       0x10 build/obj/chmtx.o
                0x0000000008000d90                chMtxInit
 .text.chMtxLockS
                0x0000000008000da0       0xd0 build/obj/chmtx.o
                0x0000000008000da0                chMtxLockS
 .text.chMtxLock
                0x0000000008000e70       0x20 build/obj/chmtx.o
                0x0000000008000e70                chMtxLock
 .text.chMtxUnlock
                0x0000000008000e90       0x70 build/obj/chmtx.o
                0x0000000008000e90                chMtxUnlock
 .text.chEvtRegisterMask
                0x0000000008000f00       0x30 build/obj/chevents.o
                0x0000000008000f00                chEvtRegisterMask
 .text.chEvtSignalI
                0x0000000008000f30       0x30 build/obj/chevents.o
                0x0000000008000f30                chEvtSignalI
 .text.chEvtBroadcastFlagsI
                0x0000000008000f60       0x20 build/obj/chevents.o
                0x0000000008000f60                chEvtBroadcastFlagsI
 .text.chEvtDispatch
                0x0000000008000f80       0x30 build/obj/chevents.o
                0x0000000008000f80                chEvtDispatch
 .text.chEvtWaitOne
                0x0000000008000fb0       0x40 build/obj/chevents.o
                0x0000000008000fb0                chEvtWaitOne
 .text.qwait    0x0000000008000ff0       0x30 build/obj/chqueues.o
 .text.chIQInit
                0x0000000008001020       0x20 build/obj/chqueues.o
                0x0000000008001020                chIQInit
 .text.chIQPutI
                0x0000000008001040       0x50 build/obj/chqueues.o
                0x0000000008001040                chIQPutI
 .text.chIQGetTimeout
                0x0000000008001090       0x50 build/obj/chqueues.o
                0x0000000008001090                chIQGetTimeout
 .text.chIQReadTimeout
                0x00000000080010e0       0x80 build/obj/chqueues.o
                0x00000000080010e0                chIQReadTimeout
 .text.chOQInit
                0x0000000008001160       0x20 build/obj/chqueues.o
                0x0000000008001160                chOQInit
 .text.chOQPutTimeout
                0x0000000008001180       0x60 build/obj/chqueues.o
                0x0000000008001180                chOQPutTimeout
 .text.chOQGetI
                0x00000000080011e0       0x50 build/obj/chqueues.o
                0x00000000080011e0                chOQGetI
 .text.chOQWriteTimeout
                0x0000000008001230       0x80 build/obj/chqueues.o
                0x0000000008001230                chOQWriteTimeout
 .text._core_init
                0x00000000080012b0       0x30 build/obj/chmemcore.o
                0x00000000080012b0                _core_init
 .text.chCoreAlloc
                0x00000000080012e0       0x40 build/obj/chmemcore.o
                0x00000000080012e0                chCoreAlloc
 .text.chCoreStatus
                0x0000000008001320       0x20 build/obj/chmemcore.o
                0x0000000008001320                chCoreStatus
 .text._heap_init
                0x0000000008001340       0x20 build/obj/chheap.o
                0x0000000008001340                _heap_init
 .text.chHeapAlloc
                0x0000000008001360       0x80 build/obj/chheap.o
                0x0000000008001360                chHeapAlloc
 .text.chHeapFree
                0x00000000080013e0       0xa0 build/obj/chheap.o
                0x00000000080013e0                chHeapFree
 .text.chHeapStatus
                0x0000000008001480       0x40 build/obj/chheap.o
                0x0000000008001480                chHeapStatus
 .text.chPoolFree
                0x00000000080014c0       0x20 build/obj/chmempools.o
                0x00000000080014c0                chPoolFree
 .text.halInit  0x00000000080014e0       0x30 build/obj/hal.o
                0x00000000080014e0                halInit
 .text.i2cInit  0x0000000008001510       0x10 build/obj/i2c.o
                0x0000000008001510                i2cInit
 .text.i2cObjectInit
                0x0000000008001520       0x10 build/obj/i2c.o
                0x0000000008001520                i2cObjectInit
 .text.i2cStart
                0x0000000008001530       0x20 build/obj/i2c.o
                0x0000000008001530                i2cStart
 .text.i2cMasterTransmitTimeout
                0x0000000008001550       0x50 build/obj/i2c.o
                0x0000000008001550                i2cMasterTransmitTimeout
 .text.i2cAcquireBus
                0x00000000080015a0       0x10 build/obj/i2c.o
                0x00000000080015a0                i2cAcquireBus
 .text.i2cReleaseBus
                0x00000000080015b0       0x10 build/obj/i2c.o
                0x00000000080015b0                i2cReleaseBus
 .text.mmcGetInfo
                0x00000000080015c0       0x20 build/obj/mmc_spi.o
                0x00000000080015c0                mmcGetInfo
 .text.wait.isra.0
                0x00000000080015e0       0x40 build/obj/mmc_spi.o
 .text.send_hdr
                0x0000000008001620       0x70 build/obj/mmc_spi.o
 .text.recvr1.isra.1
                0x0000000008001690       0x30 build/obj/mmc_spi.o
 .text.send_command_R3
                0x00000000080016c0       0x40 build/obj/mmc_spi.o
 .text.send_command_R1
                0x0000000008001700       0x30 build/obj/mmc_spi.o
 .text.read_CxD
                0x0000000008001730       0xb0 build/obj/mmc_spi.o
 .text.mmcConnect
                0x00000000080017e0      0x120 build/obj/mmc_spi.o
                0x00000000080017e0                mmcConnect
 .text.sync.isra.2
                0x0000000008001900       0x40 build/obj/mmc_spi.o
 .text.mmcDisconnect
                0x0000000008001940       0x50 build/obj/mmc_spi.o
                0x0000000008001940                mmcDisconnect
 .text.mmcSync  0x0000000008001990       0x30 build/obj/mmc_spi.o
                0x0000000008001990                mmcSync
 .text.mmcInit  0x00000000080019c0       0x10 build/obj/mmc_spi.o
                0x00000000080019c0                mmcInit
 .text.mmcObjectInit
                0x00000000080019d0       0x20 build/obj/mmc_spi.o
                0x00000000080019d0                mmcObjectInit
 .text.mmcStart
                0x00000000080019f0       0x10 build/obj/mmc_spi.o
                0x00000000080019f0                mmcStart
 .text.mmcStartSequentialRead
                0x0000000008001a00       0x60 build/obj/mmc_spi.o
                0x0000000008001a00                mmcStartSequentialRead
 .text.mmcSequentialRead
                0x0000000008001a60       0x60 build/obj/mmc_spi.o
                0x0000000008001a60                mmcSequentialRead
 .text.mmcStopSequentialRead
                0x0000000008001ac0       0x40 build/obj/mmc_spi.o
                0x0000000008001ac0                mmcStopSequentialRead
 .text.mmc_read
                0x0000000008001b00       0x40 build/obj/mmc_spi.o
 .text.mmcStartSequentialWrite
                0x0000000008001b40       0x60 build/obj/mmc_spi.o
                0x0000000008001b40                mmcStartSequentialWrite
 .text.mmcSequentialWrite
                0x0000000008001ba0       0x80 build/obj/mmc_spi.o
                0x0000000008001ba0                mmcSequentialWrite
 .text.mmcStopSequentialWrite
                0x0000000008001c20       0x30 build/obj/mmc_spi.o
                0x0000000008001c20                mmcStopSequentialWrite
 .text.mmc_write
                0x0000000008001c50       0x40 build/obj/mmc_spi.o
 .text.mmcsdGetCapacity
                0x0000000008001c90       0x50 build/obj/mmcsd.o
                0x0000000008001c90                mmcsdGetCapacity
 .text.pwmInit  0x0000000008001ce0       0x10 build/obj/pwm.o
                0x0000000008001ce0                pwmInit
 .text.pwmObjectInit
                0x0000000008001cf0       0x10 build/obj/pwm.o
                0x0000000008001cf0                pwmObjectInit
 .text.pwmStart
                0x0000000008001d00       0x20 build/obj/pwm.o
                0x0000000008001d00                pwmStart
 .text.pwmEnableChannel
                0x0000000008001d20       0x20 build/obj/pwm.o
                0x0000000008001d20                pwmEnableChannel
 .text.readt    0x0000000008001d40       0x10 build/obj/serial.o
 .text.read     0x0000000008001d50       0x10 build/obj/serial.o
 .text.writet   0x0000000008001d60       0x10 build/obj/serial.o
 .text.write    0x0000000008001d70       0x10 build/obj/serial.o
 .text.gett     0x0000000008001d80       0x10 build/obj/serial.o
 .text.get      0x0000000008001d90       0x10 build/obj/serial.o
 .text.putt     0x0000000008001da0       0x10 build/obj/serial.o
 .text.put      0x0000000008001db0       0x10 build/obj/serial.o
 .text.sdInit   0x0000000008001dc0       0x10 build/obj/serial.o
                0x0000000008001dc0                sdInit
 .text.sdObjectInit
                0x0000000008001dd0       0x40 build/obj/serial.o
                0x0000000008001dd0                sdObjectInit
 .text.sdStart  0x0000000008001e10       0x20 build/obj/serial.o
                0x0000000008001e10                sdStart
 .text.sdIncomingDataI
                0x0000000008001e30       0x40 build/obj/serial.o
                0x0000000008001e30                sdIncomingDataI
 .text.spiInit  0x0000000008001e70       0x10 build/obj/spi.o
                0x0000000008001e70                spiInit
 .text.spiObjectInit
                0x0000000008001e80       0x10 build/obj/spi.o
                0x0000000008001e80                spiObjectInit
 .text.spiStart
                0x0000000008001e90       0x20 build/obj/spi.o
                0x0000000008001e90                spiStart
 .text.spiStop  0x0000000008001eb0       0x20 build/obj/spi.o
                0x0000000008001eb0                spiStop
 .text.spiSelect
                0x0000000008001ed0       0x20 build/obj/spi.o
                0x0000000008001ed0                spiSelect
 .text.spiUnselect
                0x0000000008001ef0       0x20 build/obj/spi.o
                0x0000000008001ef0                spiUnselect
 .text.spiIgnore
                0x0000000008001f10       0x30 build/obj/spi.o
                0x0000000008001f10                spiIgnore
 .text.spiSend  0x0000000008001f40       0x30 build/obj/spi.o
                0x0000000008001f40                spiSend
 .text.spiReceive
                0x0000000008001f70       0x30 build/obj/spi.o
                0x0000000008001f70                spiReceive
 .text.dcmiInit
                0x0000000008001fa0       0x10 build/obj/dcmi.o
                0x0000000008001fa0                dcmiInit
 .text.dcmiObjectInit
                0x0000000008001fb0       0x10 build/obj/dcmi.o
                0x0000000008001fb0                dcmiObjectInit
 .text.dcmiStart
                0x0000000008001fc0       0x20 build/obj/dcmi.o
                0x0000000008001fc0                dcmiStart
 .text.dcmiStop
                0x0000000008001fe0       0x20 build/obj/dcmi.o
                0x0000000008001fe0                dcmiStop
 .text.dcmiStartReceiveOneShot
                0x0000000008002000       0x30 build/obj/dcmi.o
                0x0000000008002000                dcmiStartReceiveOneShot
 .text.Vector6C
                0x0000000008002030       0x30 build/obj/stm32_dma.o
                0x0000000008002030                Vector6C
 .text.Vector70
                0x0000000008002060       0x30 build/obj/stm32_dma.o
                0x0000000008002060                Vector70
 .text.Vector74
                0x0000000008002090       0x30 build/obj/stm32_dma.o
                0x0000000008002090                Vector74
 .text.Vector78
                0x00000000080020c0       0x30 build/obj/stm32_dma.o
                0x00000000080020c0                Vector78
 .text.Vector7C
                0x00000000080020f0       0x30 build/obj/stm32_dma.o
                0x00000000080020f0                Vector7C
 .text.Vector80
                0x0000000008002120       0x30 build/obj/stm32_dma.o
                0x0000000008002120                Vector80
 .text.Vector84
                0x0000000008002150       0x30 build/obj/stm32_dma.o
                0x0000000008002150                Vector84
 .text.VectorFC
                0x0000000008002180       0x30 build/obj/stm32_dma.o
                0x0000000008002180                VectorFC
 .text.Vector120
                0x00000000080021b0       0x30 build/obj/stm32_dma.o
                0x00000000080021b0                Vector120
 .text.Vector124
                0x00000000080021e0       0x30 build/obj/stm32_dma.o
                0x00000000080021e0                Vector124
 .text.Vector128
                0x0000000008002210       0x30 build/obj/stm32_dma.o
                0x0000000008002210                Vector128
 .text.Vector12C
                0x0000000008002240       0x30 build/obj/stm32_dma.o
                0x0000000008002240                Vector12C
 .text.Vector130
                0x0000000008002270       0x30 build/obj/stm32_dma.o
                0x0000000008002270                Vector130
 .text.Vector150
                0x00000000080022a0       0x30 build/obj/stm32_dma.o
                0x00000000080022a0                Vector150
 .text.Vector154
                0x00000000080022d0       0x30 build/obj/stm32_dma.o
                0x00000000080022d0                Vector154
 .text.Vector158
                0x0000000008002300       0x30 build/obj/stm32_dma.o
                0x0000000008002300                Vector158
 .text.dmaInit  0x0000000008002330       0x50 build/obj/stm32_dma.o
                0x0000000008002330                dmaInit
 .text.dmaStreamAllocate
                0x0000000008002380       0xa0 build/obj/stm32_dma.o
                0x0000000008002380                dmaStreamAllocate
 .text.dmaStreamRelease
                0x0000000008002420       0x50 build/obj/stm32_dma.o
                0x0000000008002420                dmaStreamRelease
 .text.hal_lld_init
                0x0000000008002470       0xa0 build/obj/hal_lld.o
                0x0000000008002470                hal_lld_init
 .text.stm32_clock_init
                0x0000000008002510       0xd0 build/obj/hal_lld.o
                0x0000000008002510                stm32_clock_init
 .text.dcmi_lld_serve_dma_rx_interrupt
                0x00000000080025e0       0x30 build/obj/dcmi_lld.o
 .text.Vector178
                0x0000000008002610       0x60 build/obj/dcmi_lld.o
                0x0000000008002610                Vector178
 .text.dcmi_lld_init
                0x0000000008002670       0x30 build/obj/dcmi_lld.o
                0x0000000008002670                dcmi_lld_init
 .text.dcmi_lld_start
                0x00000000080026a0       0x80 build/obj/dcmi_lld.o
                0x00000000080026a0                dcmi_lld_start
 .text.dcmi_lld_stop
                0x0000000008002720       0x50 build/obj/dcmi_lld.o
                0x0000000008002720                dcmi_lld_stop
 .text.dcmi_lld_receive
                0x0000000008002770       0x60 build/obj/dcmi_lld.o
                0x0000000008002770                dcmi_lld_receive
 .text._pal_lld_init
                0x00000000080027d0      0x1c0 build/obj/pal_lld.o
                0x00000000080027d0                _pal_lld_init
 .text._pal_lld_setgroupmode
                0x0000000008002990       0xd0 build/obj/pal_lld.o
                0x0000000008002990                _pal_lld_setgroupmode
 .text.i2c_lld_abort_operation
                0x0000000008002a60       0x60 build/obj/i2c_lld.o
 .text.i2c_lld_safety_timeout
                0x0000000008002ac0       0x30 build/obj/i2c_lld.o
 .text.i2c_lld_serve_tx_end_irq
                0x0000000008002af0       0x40 build/obj/i2c_lld.o
 .text.i2c_lld_serve_rx_end_irq
                0x0000000008002b30       0x70 build/obj/i2c_lld.o
 .text.VectorBC
                0x0000000008002ba0      0x120 build/obj/i2c_lld.o
                0x0000000008002ba0                VectorBC
 .text.VectorC0
                0x0000000008002cc0       0xf0 build/obj/i2c_lld.o
                0x0000000008002cc0                VectorC0
 .text.i2c_lld_init
                0x0000000008002db0       0x30 build/obj/i2c_lld.o
                0x0000000008002db0                i2c_lld_init
 .text.i2c_lld_start
                0x0000000008002de0      0x180 build/obj/i2c_lld.o
                0x0000000008002de0                i2c_lld_start
 .text.i2c_lld_master_transmit_timeout
                0x0000000008002f60      0x100 build/obj/i2c_lld.o
                0x0000000008002f60                i2c_lld_master_transmit_timeout
 .text.spi_lld_serve_tx_interrupt
                0x0000000008003060       0x10 build/obj/spi_lld.o
 .text.spi_lld_serve_rx_interrupt
                0x0000000008003070       0x80 build/obj/spi_lld.o
 .text.spi_lld_init
                0x00000000080030f0       0x70 build/obj/spi_lld.o
                0x00000000080030f0                spi_lld_init
 .text.spi_lld_start
                0x0000000008003160       0xd0 build/obj/spi_lld.o
                0x0000000008003160                spi_lld_start
 .text.spi_lld_stop
                0x0000000008003230       0x50 build/obj/spi_lld.o
                0x0000000008003230                spi_lld_stop
 .text.spi_lld_select
                0x0000000008003280       0x20 build/obj/spi_lld.o
                0x0000000008003280                spi_lld_select
 .text.spi_lld_unselect
                0x00000000080032a0       0x20 build/obj/spi_lld.o
                0x00000000080032a0                spi_lld_unselect
 .text.spi_lld_ignore
                0x00000000080032c0       0x40 build/obj/spi_lld.o
                0x00000000080032c0                spi_lld_ignore
 .text.spi_lld_send
                0x0000000008003300       0x40 build/obj/spi_lld.o
                0x0000000008003300                spi_lld_send
 .text.spi_lld_receive
                0x0000000008003340       0x40 build/obj/spi_lld.o
                0x0000000008003340                spi_lld_receive
 .text.VectorA4
                0x0000000008003380       0x30 build/obj/pwm_lld.o
                0x0000000008003380                VectorA4
 .text.VectorAC
                0x00000000080033b0       0x60 build/obj/pwm_lld.o
                0x00000000080033b0                VectorAC
 .text.VectorB8
                0x0000000008003410       0x70 build/obj/pwm_lld.o
                0x0000000008003410                VectorB8
 .text.pwm_lld_init
                0x0000000008003480       0x30 build/obj/pwm_lld.o
                0x0000000008003480                pwm_lld_init
 .text.pwm_lld_start
                0x00000000080034b0      0x140 build/obj/pwm_lld.o
                0x00000000080034b0                pwm_lld_start
 .text.pwm_lld_enable_channel
                0x00000000080035f0       0x40 build/obj/pwm_lld.o
                0x00000000080035f0                pwm_lld_enable_channel
 .text.notify2  0x0000000008003630       0x20 build/obj/serial_lld.o
 .text.VectorD8
                0x0000000008003650      0x110 build/obj/serial_lld.o
                0x0000000008003650                VectorD8
 .text.sd_lld_init
                0x0000000008003760       0x20 build/obj/serial_lld.o
                0x0000000008003760                sd_lld_init
 .text.sd_lld_start
                0x0000000008003780       0xa0 build/obj/serial_lld.o
                0x0000000008003780                sd_lld_start
 .text.__early_init
                0x0000000008003820       0x10 build/obj/board.o
                0x0000000008003820                __early_init
 .text.mmc_lld_is_card_inserted
                0x0000000008003830       0x10 build/obj/board.o
                0x0000000008003830                mmc_lld_is_card_inserted
 .text.mmc_lld_is_write_protected
                0x0000000008003840       0x10 build/obj/board.o
                0x0000000008003840                mmc_lld_is_write_protected
 .text.boardInit
                0x0000000008003850       0x10 build/obj/board.o
                0x0000000008003850                boardInit
 .text.disk_initialize
                0x0000000008003860       0x30 build/obj/fatfs_diskio.o
                0x0000000008003860                disk_initialize
 .text.disk_status
                0x0000000008003890       0x30 build/obj/fatfs_diskio.o
                0x0000000008003890                disk_status
 .text.disk_read
                0x00000000080038c0       0x60 build/obj/fatfs_diskio.o
                0x00000000080038c0                disk_read
 .text.disk_write
                0x0000000008003920       0x70 build/obj/fatfs_diskio.o
                0x0000000008003920                disk_write
 .text.disk_ioctl
                0x0000000008003990       0x20 build/obj/fatfs_diskio.o
                0x0000000008003990                disk_ioctl
 .text.get_fattime
                0x00000000080039b0       0x10 build/obj/fatfs_diskio.o
                0x00000000080039b0                get_fattime
 .text.ff_cre_syncobj
                0x00000000080039c0       0x20 build/obj/fatfs_syscall.o
                0x00000000080039c0                ff_cre_syncobj
 .text.ff_del_syncobj
                0x00000000080039e0       0x10 build/obj/fatfs_syscall.o
                0x00000000080039e0                ff_del_syncobj
 .text.ff_req_grant
                0x00000000080039f0       0x20 build/obj/fatfs_syscall.o
                0x00000000080039f0                ff_req_grant
 .text.ff_rel_grant
                0x0000000008003a10       0x10 build/obj/fatfs_syscall.o
                0x0000000008003a10                ff_rel_grant
 .text.ff_memalloc
                0x0000000008003a20       0x10 build/obj/fatfs_syscall.o
                0x0000000008003a20                ff_memalloc
 .text.ff_memfree
                0x0000000008003a30       0x10 build/obj/fatfs_syscall.o
                0x0000000008003a30                ff_memfree
 .text.move_window
                0x0000000008003a40       0x80 build/obj/ff.o
 .text.sync     0x0000000008003ac0       0xd0 build/obj/ff.o
 .text.check_fs
                0x0000000008003b90       0x90 build/obj/ff.o
 .text.chk_mounted
                0x0000000008003c20      0x310 build/obj/ff.o
 .text.validate
                0x0000000008003f30       0x40 build/obj/ff.o
 .text.unlock_fs.isra.4.part.5
                0x0000000008003f70       0x10 build/obj/ff.o
 .text.get_fat.part.6
                0x0000000008003f80       0xc0 build/obj/ff.o
 .text.dir_sdi  0x0000000008004040       0xb0 build/obj/ff.o
 .text.put_fat.part.7
                0x00000000080040f0      0x100 build/obj/ff.o
 .text.create_chain
                0x00000000080041f0       0xc0 build/obj/ff.o
 .text.dir_next
                0x00000000080042b0      0x140 build/obj/ff.o
 .text.dir_find.part.8
                0x00000000080043f0      0x160 build/obj/ff.o
 .text.remove_chain.part.9
                0x0000000008004550       0x60 build/obj/ff.o
 .text.follow_path
                0x00000000080045b0      0x2e0 build/obj/ff.o
 .text.gen_numname
                0x0000000008004890       0xb0 build/obj/ff.o
                0x0000000008004890                gen_numname
 .text.dir_register
                0x0000000008004940      0x240 build/obj/ff.o
 .text.f_mount  0x0000000008004b80       0x40 build/obj/ff.o
                0x0000000008004b80                f_mount
 .text.f_open   0x0000000008004bc0      0x1e0 build/obj/ff.o
                0x0000000008004bc0                f_open
 .text.f_write  0x0000000008004da0      0x240 build/obj/ff.o
                0x0000000008004da0                f_write
 .text.f_sync   0x0000000008004fe0       0xe0 build/obj/ff.o
                0x0000000008004fe0                f_sync
 .text.f_close  0x00000000080050c0       0x10 build/obj/ff.o
                0x00000000080050c0                f_close
 .text.f_putc   0x00000000080050d0       0x30 build/obj/ff.o
                0x00000000080050d0                f_putc
 .text.ff_convert
                0x0000000008005100       0x50 build/obj/ccsbcs.o
                0x0000000008005100                ff_convert
 .text.ff_wtoupper
                0x0000000008005150       0x30 build/obj/ccsbcs.o
                0x0000000008005150                ff_wtoupper
 .text.chprintf
                0x0000000008005180       0x20 build/obj/shell.o
 .text.cmd_systime
                0x00000000080051a0       0x30 build/obj/shell.o
 .text.cmd_info
                0x00000000080051d0       0xc0 build/obj/shell.o
 .text._strtok.constprop.2
                0x0000000008005290       0x40 build/obj/shell.o
 .text.shellInit
                0x00000000080052d0       0x10 build/obj/shell.o
                0x00000000080052d0                shellInit
 .text.shellExit
                0x00000000080052e0       0x20 build/obj/shell.o
                0x00000000080052e0                shellExit
 .text.shellCreate
                0x0000000008005300       0x20 build/obj/shell.o
                0x0000000008005300                shellCreate
 .text.shellGetLine
                0x0000000008005320       0xa0 build/obj/shell.o
                0x0000000008005320                shellGetLine
 .text.shell_thread
                0x00000000080053c0      0x1a0 build/obj/shell.o
 .text.long_to_string_with_divisor.constprop.0
                0x0000000008005560       0x50 build/obj/chprintf.o
 .text.chvprintf
                0x00000000080055b0      0x240 build/obj/chprintf.o
                0x00000000080055b0                chvprintf
 .text.SCCB_Write
                0x00000000080057f0       0x50 build/obj/SCCB.o
                0x00000000080057f0                SCCB_Write
 .text.SCCB_Read
                0x0000000008005840       0x50 build/obj/SCCB.o
                0x0000000008005840                SCCB_Read
 .text.hwInit   0x0000000008005890      0x1a0 build/obj/hwinit.o
                0x0000000008005890                hwInit
 .text.cam_write_reg
                0x0000000008005a30       0x20 build/obj/OV2640.o
                0x0000000008005a30                cam_write_reg
 .text.cam_read_reg
                0x0000000008005a50       0x20 build/obj/OV2640.o
                0x0000000008005a50                cam_read_reg
 .text.cam_write_array
                0x0000000008005a70       0x30 build/obj/OV2640.o
                0x0000000008005a70                cam_write_array
 .text.dmaTxferEndCb
                0x0000000008005aa0       0x10 build/obj/main.o
                0x0000000008005aa0                dmaTxferEndCb
 .text.frameEndCb
                0x0000000008005ab0       0x30 build/obj/main.o
                0x0000000008005ab0                frameEndCb
 .text.chprintf
                0x0000000008005ae0       0x20 build/obj/main.o
 .text.cmd_get_total_questions
                0x0000000008005b00       0x10 build/obj/main.o
 .text.cmd_index_questions
                0x0000000008005b10       0x10 build/obj/main.o
 .text.cmd_cam_status
                0x0000000008005b20       0xd0 build/obj/main.o
 .text.cmd_cam_id
                0x0000000008005bf0       0x90 build/obj/main.o
 .text.cam_save
                0x0000000008005c80       0x80 build/obj/main.o
 .text.cmd_cam_reset
                0x0000000008005d00       0x50 build/obj/main.o
 .text.cmd_cam_off
                0x0000000008005d50       0x60 build/obj/main.o
 .text.Thread1  0x0000000008005db0       0x40 build/obj/main.o
 .text.cmd_cam_capture
                0x0000000008005df0       0x70 build/obj/main.o
 .text.cmd_cam_on
                0x0000000008005e60       0x40 build/obj/main.o
 .text.cmd_cam_init
                0x0000000008005ea0       0xd0 build/obj/main.o
 .text.tmrfunc  0x0000000008005f70       0x70 build/obj/main.o
 .text.RemoveHandler
                0x0000000008005fe0       0x20 build/obj/main.o
 .text.AsciiToHex
                0x0000000008006000       0x90 build/obj/main.o
 .text.cmd_mark_question
                0x0000000008006090       0x70 build/obj/main.o
 .text.cmd_get_question
                0x0000000008006100       0x70 build/obj/main.o
 .text.cmd_cam_reg_read
                0x0000000008006170       0x80 build/obj/main.o
 .text.cmd_cam_reg_write
                0x00000000080061f0       0x90 build/obj/main.o
 .text.cmd_cam_save
                0x0000000008006280       0x60 build/obj/main.o
 .text.cmd_threads
                0x00000000080062e0       0x70 build/obj/main.o
 .text.cmd_mem  0x0000000008006350       0x60 build/obj/main.o
 .text.InsertHandler
                0x00000000080063b0       0x40 build/obj/main.o
 .text.strcasecmp
                0x00000000080063f0       0x44 /Users/mikevanis/Documents/workspace/gcc-arm-none-eabi-4_8-2014q1/bin/../lib/gcc/arm-none-eabi/4.8.3/../../../../arm-none-eabi/lib/armv7e-m/libg.a(lib_a-strcasecmp.o)
                0x00000000080063f0                strcasecmp
 *fill*         0x0000000008006434        0xc 
 .text.strpbrk  0x0000000008006440       0x50 /Users/mikevanis/Documents/workspace/gcc-arm-none-eabi-4_8-2014q1/bin/../lib/gcc/arm-none-eabi/4.8.3/../../../../arm-none-eabi/lib/armv7e-m/libg.a(lib_a-strpbrk.o)
                0x0000000008006440                strpbrk
 .text.strspn   0x0000000008006490       0x40 /Users/mikevanis/Documents/workspace/gcc-arm-none-eabi-4_8-2014q1/bin/../lib/gcc/arm-none-eabi/4.8.3/../../../../arm-none-eabi/lib/armv7e-m/libg.a(lib_a-strspn.o)
                0x0000000008006490                strspn
 *(.rodata)
 *(.rodata.*)
 .rodata.str1.4
                0x00000000080064d0        0x5 build/obj/chsys.o
                                          0x8 (size before relaxing)
 *fill*         0x00000000080064d5        0xb 
 .rodata.ch_debug
                0x00000000080064e0       0x18 build/obj/chregistry.o
                0x00000000080064e0                ch_debug
 *fill*         0x00000000080064f8        0x8 
 .rodata.stopcmd.7416
                0x0000000008006500        0x8 build/obj/mmc_spi.o
 *fill*         0x0000000008006508        0x8 
 .rodata.stop.7430
                0x0000000008006510        0x4 build/obj/mmc_spi.o
 *fill*         0x0000000008006514        0xc 
 .rodata.crc7_lookup_table
                0x0000000008006520      0x100 build/obj/mmc_spi.o
 .rodata.mmc_vmt
                0x0000000008006620       0x20 build/obj/mmc_spi.o
 .rodata.start.7425
                0x0000000008006640        0x4 build/obj/mmc_spi.o
 *fill*         0x0000000008006644        0xc 
 .rodata.vmt    0x0000000008006650       0x20 build/obj/serial.o
 .rodata._stm32_dma_streams
                0x0000000008006670       0xc0 build/obj/stm32_dma.o
                0x0000000008006670                _stm32_dma_streams
 .rodata.default_config
                0x0000000008006730        0xc build/obj/serial_lld.o
 *fill*         0x000000000800673c        0x4 
 .rodata.pal_default_config
                0x0000000008006740       0xfc build/obj/board.o
                0x0000000008006740                pal_default_config
 *fill*         0x000000000800683c        0x4 
 .rodata.str1.4
                0x0000000008006840       0x13 build/obj/ff.o
                                         0x14 (size before relaxing)
 *fill*         0x0000000008006853        0xd 
 .rodata.LfnOfs
                0x0000000008006860       0x10 build/obj/ff.o
 .rodata.excvt.5254
                0x0000000008006870       0x80 build/obj/ff.o
 .rodata.Tbl    0x00000000080068f0      0x100 build/obj/ccsbcs.o
 .rodata.tbl_lower.4997
                0x00000000080069f0      0x1e0 build/obj/ccsbcs.o
 .rodata.tbl_upper.4998
                0x0000000008006bd0      0x1e0 build/obj/ccsbcs.o
 .rodata.str1.4
                0x0000000008006db0      0x249 build/obj/shell.o
                                        0x250 (size before relaxing)
 *fill*         0x0000000008006ff9        0x7 
 .rodata.str1.4
                0x0000000008007000        0x7 build/obj/chprintf.o
                                          0x8 (size before relaxing)
 *fill*         0x0000000008007007        0x9 
 .rodata.pwmcfg
                0x0000000008007010       0x34 build/obj/hwinit.o
 *fill*         0x0000000008007044        0xc 
 .rodata.i2cfg1
                0x0000000008007050        0xc build/obj/hwinit.o
 *fill*         0x000000000800705c        0x4 
 .rodata.ov2640_1024x768_regs
                0x0000000008007060       0x50 build/obj/main.o
 .rodata.ov2640_reset_regs
                0x00000000080070b0        0x8 build/obj/main.o
 *fill*         0x00000000080070b8        0x8 
 .rodata.states.7372
                0x00000000080070c0       0x3c build/obj/main.o
 *fill*         0x00000000080070fc        0x4 
 .rodata.ov2640_jpeg_init_regs
                0x0000000008007100      0x180 build/obj/main.o
 .rodata.dcmicfg
                0x0000000008007280        0xc build/obj/main.o
 *fill*         0x000000000800728c        0x4 
 .rodata.ov2640_jpeg_regs
                0x0000000008007290       0x14 build/obj/main.o
 *fill*         0x00000000080072a4        0xc 
 .rodata.ov2640_autolight
                0x00000000080072b0        0x8 build/obj/main.o
 *fill*         0x00000000080072b8        0x8 
 .rodata.ov2640_yuv422_regs
                0x00000000080072c0       0x14 build/obj/main.o
 *fill*         0x00000000080072d4        0xc 
 .rodata.evhndl.7355
                0x00000000080072e0        0x8 build/obj/main.o
 *fill*         0x00000000080072e8        0x8 
 .rodata.commands
                0x00000000080072f0       0x88 build/obj/main.o
 *fill*         0x0000000008007378        0x8 
 .rodata.shell_cfg1
                0x0000000008007380        0x8 build/obj/main.o
 *fill*         0x0000000008007388        0x8 
 .rodata.ov2640_normal
                0x0000000008007390       0x10 build/obj/main.o
 .rodata.str1.4
                0x00000000080073a0      0x66c build/obj/main.o
 *fill*         0x0000000008007a0c        0x4 
 .rodata._ctype_
                0x0000000008007a10      0x104 /Users/mikevanis/Documents/workspace/gcc-arm-none-eabi-4_8-2014q1/bin/../lib/gcc/arm-none-eabi/4.8.3/../../../../arm-none-eabi/lib/armv7e-m/libg.a(lib_a-ctype_.o)
                0x0000000008007a10                _ctype_
 *(.glue_7t)
 .glue_7t       0x0000000000000000        0x0 linker stubs
 *(.glue_7)
 .glue_7        0x0000000000000000        0x0 linker stubs
 *(.gcc*)

.vfp11_veneer   0x0000000008007b14        0x0
 .vfp11_veneer  0x0000000000000000        0x0 linker stubs

.v4_bx          0x0000000008007b14        0x0
 .v4_bx         0x0000000000000000        0x0 linker stubs

.iplt           0x0000000008007b14        0x0
 .iplt          0x0000000000000000        0x0 build/obj/crt0.o

.rel.dyn        0x0000000008007b14        0x0
 .rel.iplt      0x0000000000000000        0x0 build/obj/crt0.o

.ARM.extab
 *(.ARM.extab* .gnu.linkonce.armextab.*)

.ARM.exidx      0x0000000008007b14        0x0
                0x0000000008007b14                PROVIDE (__exidx_start, .)
 *(.ARM.exidx* .gnu.linkonce.armexidx.*)
                0x0000000008007b14                PROVIDE (__exidx_end, .)

.eh_frame_hdr
 *(.eh_frame_hdr)

.eh_frame
 *(.eh_frame)

.textalign      0x0000000008007b14        0x4
                0x0000000008007b18                . = ALIGN (0x8)
 *fill*         0x0000000008007b14        0x4 
                0x0000000008007b18                . = ALIGN (0x4)
                0x0000000008007b18                _etext = .
                0x0000000008007b18                _textdata = _etext

.stacks         0x0000000020000000      0x800
                0x0000000020000000                . = ALIGN (0x8)
                0x0000000020000000                __main_stack_base__ = .
                0x0000000020000400                . = (. + __main_stack_size__)
 *fill*         0x0000000020000000      0x400 
                0x0000000020000400                . = ALIGN (0x8)
                0x0000000020000400                __main_stack_end__ = .
                0x0000000020000400                __process_stack_base__ = .
                0x0000000020000400                __main_thread_stack_base__ = .
                0x0000000020000800                . = (. + __process_stack_size__)
 *fill*         0x0000000020000400      0x400 
                0x0000000020000800                . = ALIGN (0x8)
                0x0000000020000800                __process_stack_end__ = .
                0x0000000020000800                __main_thread_stack_end__ = .

.data           0x0000000020000800       0x54 load address 0x0000000008007b18
                0x0000000020000800                . = ALIGN (0x4)
                0x0000000020000800                PROVIDE (_data, .)
 *(.data)
 *(.data.*)
 .data.local_commands
                0x0000000020000800       0x18 build/obj/shell.o
 .data.uart2_config
                0x0000000020000818        0xc build/obj/hwinit.o
                0x0000000020000818                uart2_config
 .data.ImageBuffer1
                0x0000000020000824        0x4 build/obj/main.o
                0x0000000020000824                ImageBuffer1
 .data.ImageBuffer0
                0x0000000020000828        0x4 build/obj/main.o
                0x0000000020000828                ImageBuffer0
 .data.hs_spicfg
                0x000000002000082c        0xc build/obj/main.o
 .data.mmccfg   0x0000000020000838        0xc build/obj/main.o
 .data.ls_spicfg
                0x0000000020000844        0xc build/obj/main.o
 .data.__ctype_ptr__
                0x0000000020000850        0x4 /Users/mikevanis/Documents/workspace/gcc-arm-none-eabi-4_8-2014q1/bin/../lib/gcc/arm-none-eabi/4.8.3/../../../../arm-none-eabi/lib/armv7e-m/libg.a(lib_a-ctype_.o)
                0x0000000020000850                __ctype_ptr__
 *(.ramtext)
                0x0000000020000854                . = ALIGN (0x4)
                0x0000000020000854                PROVIDE (_edata, .)

.igot.plt       0x0000000020000854        0x0 load address 0x0000000008007b6c
 .igot.plt      0x0000000000000000        0x0 build/obj/crt0.o

.bss            0x0000000020000854    0x18e04
                0x0000000020000854                . = ALIGN (0x4)
                0x0000000020000854                PROVIDE (_bss_start, .)
 *(.bss)
 *(.bss.*)
 .bss.mainthread.4794
                0x0000000020000854       0x48 build/obj/chsys.o
 *fill*         0x000000002000089c        0x4 
 .bss._idle_thread_wa
                0x00000000200008a0       0xe0 build/obj/chsys.o
                0x00000000200008a0                _idle_thread_wa
 .bss.vtlist    0x0000000020000980       0x10 build/obj/chvt.o
                0x0000000020000980                vtlist
 .bss.rlist     0x0000000020000990       0x1c build/obj/chschd.o
                0x0000000020000990                rlist
 .bss.endmem    0x00000000200009ac        0x4 build/obj/chmemcore.o
 .bss.nextmem   0x00000000200009b0        0x4 build/obj/chmemcore.o
 *fill*         0x00000000200009b4        0x4 
 .bss.default_heap
                0x00000000200009b8       0x20 build/obj/chheap.o
 .bss.dma_isr_redir
                0x00000000200009d8       0x80 build/obj/stm32_dma.o
 .bss.dma_streams_mask
                0x0000000020000a58        0x4 build/obj/stm32_dma.o
 .bss.DCMID1    0x0000000020000a5c       0x18 build/obj/dcmi_lld.o
                0x0000000020000a5c                DCMID1
 .bss.I2CD1     0x0000000020000a74       0x38 build/obj/i2c_lld.o
                0x0000000020000a74                I2CD1
 .bss.dummytx   0x0000000020000aac        0x2 build/obj/spi_lld.o
 *fill*         0x0000000020000aae        0x2 
 .bss.SPID1     0x0000000020000ab0       0x30 build/obj/spi_lld.o
                0x0000000020000ab0                SPID1
 .bss.SPID2     0x0000000020000ae0       0x30 build/obj/spi_lld.o
                0x0000000020000ae0                SPID2
 .bss.dummyrx   0x0000000020000b10        0x2 build/obj/spi_lld.o
 *fill*         0x0000000020000b12        0x2 
 .bss.PWMD1     0x0000000020000b14       0x14 build/obj/pwm_lld.o
                0x0000000020000b14                PWMD1
 .bss.PWMD4     0x0000000020000b28       0x14 build/obj/pwm_lld.o
                0x0000000020000b28                PWMD4
 .bss.SD2       0x0000000020000b3c       0x78 build/obj/serial_lld.o
                0x0000000020000b3c                SD2
 .bss.ff_sem    0x0000000020000bb4        0xc build/obj/fatfs_syscall.o
 .bss.Fsid      0x0000000020000bc0        0x2 build/obj/ff.o
 *fill*         0x0000000020000bc2        0x2 
 .bss.FatFs     0x0000000020000bc4        0x4 build/obj/ff.o
 .bss.shell_terminated
                0x0000000020000bc8        0x4 build/obj/shell.o
                0x0000000020000bc8                shell_terminated
 .bss.MMC_FS    0x0000000020000bcc      0x234 build/obj/main.o
                0x0000000020000bcc                MMC_FS
 .bss.FrameCount
                0x0000000020000e00        0x4 build/obj/main.o
                0x0000000020000e00                FrameCount
 .bss.init      0x0000000020000e04        0x1 build/obj/main.o
                0x0000000020000e04                init
 *fill*         0x0000000020000e05        0x3 
 .bss.removed_event
                0x0000000020000e08        0x4 build/obj/main.o
 .bss.ImageBuffer
                0x0000000020000e0c    0x186a0 build/obj/main.o
                0x0000000020000e0c                ImageBuffer
 .bss.error     0x00000000200194ac        0x1 build/obj/main.o
                0x00000000200194ac                error
 *fill*         0x00000000200194ad        0x3 
 .bss.MMCD1     0x00000000200194b0       0x34 build/obj/main.o
                0x00000000200194b0                MMCD1
 .bss.inserted_event
                0x00000000200194e4        0x4 build/obj/main.o
 .bss.power     0x00000000200194e8        0x1 build/obj/main.o
                0x00000000200194e8                power
 .bss.busy      0x00000000200194e9        0x1 build/obj/main.o
                0x00000000200194e9                busy
 .bss.fs_ready  0x00000000200194ea        0x1 build/obj/main.o
 *fill*         0x00000000200194eb        0x1 
 .bss.tmr       0x00000000200194ec       0x14 build/obj/main.o
 .bss.captured  0x0000000020019500        0x1 build/obj/main.o
                0x0000000020019500                captured
 *fill*         0x0000000020019501        0x3 
 .bss.cnt       0x0000000020019504        0x4 build/obj/main.o
 .bss.waThread1
                0x0000000020019508      0x150 build/obj/main.o
 *(COMMON)
                0x0000000020019658                . = ALIGN (0x4)
                0x0000000020019658                PROVIDE (_bss_end, .)
                0x0000000020019658                PROVIDE (end, .)
                0x0000000020019658                _end = .
                0x0000000020019658                __heap_base__ = _end
                0x000000002001c000                __heap_end__ = __ram_end__
START GROUP
LOAD /Users/mikevanis/Documents/workspace/gcc-arm-none-eabi-4_8-2014q1/bin/../lib/gcc/arm-none-eabi/4.8.3/armv7e-m/libgcc.a
LOAD /Users/mikevanis/Documents/workspace/gcc-arm-none-eabi-4_8-2014q1/bin/../lib/gcc/arm-none-eabi/4.8.3/../../../../arm-none-eabi/lib/armv7e-m/libg.a
LOAD /Users/mikevanis/Documents/workspace/gcc-arm-none-eabi-4_8-2014q1/bin/../lib/gcc/arm-none-eabi/4.8.3/../../../../arm-none-eabi/lib/armv7e-m/libc.a
END GROUP
OUTPUT(build/CAM-DCMI_SD.elf elf32-littlearm)

.debug_info     0x0000000000000000    0x21d5d
 .debug_info    0x0000000000000000      0x2b7 build/obj/crt0.o
 .debug_info    0x00000000000002b7      0x1cd build/obj/vectors.o
 .debug_info    0x0000000000000484       0x92 build/obj/chcore.o
 .debug_info    0x0000000000000516      0x7f2 build/obj/chcore_v7m.o
 .debug_info    0x0000000000000d08      0x406 build/obj/nvic.o
 .debug_info    0x000000000000110e      0x827 build/obj/chsys.o
 .debug_info    0x0000000000001935      0x203 build/obj/chvt.o
 .debug_info    0x0000000000001b38      0x974 build/obj/chschd.o
 .debug_info    0x00000000000024ac      0xbf2 build/obj/chthreads.o
 .debug_info    0x000000000000309e      0x88c build/obj/chdynamic.o
 .debug_info    0x000000000000392a      0x629 build/obj/chregistry.o
 .debug_info    0x0000000000003f53      0xab8 build/obj/chsem.o
 .debug_info    0x0000000000004a0b      0x9d4 build/obj/chmtx.o
 .debug_info    0x00000000000053df      0xd8d build/obj/chevents.o
 .debug_info    0x000000000000616c      0xbc3 build/obj/chqueues.o
 .debug_info    0x0000000000006d2f      0x221 build/obj/chmemcore.o
 .debug_info    0x0000000000006f50      0x6fa build/obj/chheap.o
 .debug_info    0x000000000000764a      0x408 build/obj/chmempools.o
 .debug_info    0x0000000000007a52      0x3e0 build/obj/hal.o
 .debug_info    0x0000000000007e32      0xb98 build/obj/i2c.o
 .debug_info    0x00000000000089ca     0x1b65 build/obj/mmc_spi.o
 .debug_info    0x000000000000a52f      0x2ad build/obj/mmcsd.o
 .debug_info    0x000000000000a7dc      0x685 build/obj/pwm.o
 .debug_info    0x000000000000ae61      0xfbe build/obj/serial.o
 .debug_info    0x000000000000be1f     0x10cb build/obj/spi.o
 .debug_info    0x000000000000ceea      0xa45 build/obj/dcmi.o
 .debug_info    0x000000000000d92f      0xa7f build/obj/stm32_dma.o
 .debug_info    0x000000000000e3ae      0x491 build/obj/hal_lld.o
 .debug_info    0x000000000000e83f      0xd47 build/obj/dcmi_lld.o
 .debug_info    0x000000000000f586      0x704 build/obj/pal_lld.o
 .debug_info    0x000000000000fc8a     0x16ac build/obj/i2c_lld.o
 .debug_info    0x0000000000011336      0xe51 build/obj/spi_lld.o
 .debug_info    0x0000000000012187      0x8e9 build/obj/pwm_lld.o
 .debug_info    0x0000000000012a70      0xf22 build/obj/serial_lld.o
 .debug_info    0x0000000000013992      0xb92 build/obj/board.o
 .debug_info    0x0000000000014524      0xd26 build/obj/fatfs_diskio.o
 .debug_info    0x000000000001524a      0x71c build/obj/fatfs_syscall.o
 .debug_info    0x0000000000015966     0x4cdd build/obj/ff.o
 .debug_info    0x000000000001a643      0x17e build/obj/ccsbcs.o
 .debug_info    0x000000000001a7c1     0x142e build/obj/shell.o
 .debug_info    0x000000000001bbef      0x609 build/obj/chprintf.o
 .debug_info    0x000000000001c1f8      0x97b build/obj/SCCB.o
 .debug_info    0x000000000001cb73     0x1524 build/obj/hwinit.o
 .debug_info    0x000000000001e097      0x3dd build/obj/OV2640.o
 .debug_info    0x000000000001e474     0x38e9 build/obj/main.o

.debug_abbrev   0x0000000000000000     0x64db
 .debug_abbrev  0x0000000000000000       0xfd build/obj/crt0.o
 .debug_abbrev  0x00000000000000fd       0xaf build/obj/vectors.o
 .debug_abbrev  0x00000000000001ac       0x42 build/obj/chcore.o
 .debug_abbrev  0x00000000000001ee      0x1b9 build/obj/chcore_v7m.o
 .debug_abbrev  0x00000000000003a7      0x10e build/obj/nvic.o
 .debug_abbrev  0x00000000000004b5      0x20e build/obj/chsys.o
 .debug_abbrev  0x00000000000006c3      0x117 build/obj/chvt.o
 .debug_abbrev  0x00000000000007da      0x313 build/obj/chschd.o
 .debug_abbrev  0x0000000000000aed      0x34f build/obj/chthreads.o
 .debug_abbrev  0x0000000000000e3c      0x22b build/obj/chdynamic.o
 .debug_abbrev  0x0000000000001067      0x187 build/obj/chregistry.o
 .debug_abbrev  0x00000000000011ee      0x310 build/obj/chsem.o
 .debug_abbrev  0x00000000000014fe      0x2fa build/obj/chmtx.o
 .debug_abbrev  0x00000000000017f8      0x2f8 build/obj/chevents.o
 .debug_abbrev  0x0000000000001af0      0x32e build/obj/chqueues.o
 .debug_abbrev  0x0000000000001e1e      0x164 build/obj/chmemcore.o
 .debug_abbrev  0x0000000000001f82      0x1e7 build/obj/chheap.o
 .debug_abbrev  0x0000000000002169      0x1f7 build/obj/chmempools.o
 .debug_abbrev  0x0000000000002360      0x1c8 build/obj/hal.o
 .debug_abbrev  0x0000000000002528      0x27b build/obj/i2c.o
 .debug_abbrev  0x00000000000027a3      0x3fb build/obj/mmc_spi.o
 .debug_abbrev  0x0000000000002b9e      0x130 build/obj/mmcsd.o
 .debug_abbrev  0x0000000000002cce      0x19c build/obj/pwm.o
 .debug_abbrev  0x0000000000002e6a      0x2b9 build/obj/serial.o
 .debug_abbrev  0x0000000000003123      0x276 build/obj/spi.o
 .debug_abbrev  0x0000000000003399      0x217 build/obj/dcmi.o
 .debug_abbrev  0x00000000000035b0      0x21f build/obj/stm32_dma.o
 .debug_abbrev  0x00000000000037cf      0x12b build/obj/hal_lld.o
 .debug_abbrev  0x00000000000038fa      0x2bf build/obj/dcmi_lld.o
 .debug_abbrev  0x0000000000003bb9      0x1aa build/obj/pal_lld.o
 .debug_abbrev  0x0000000000003d63      0x3e6 build/obj/i2c_lld.o
 .debug_abbrev  0x0000000000004149      0x304 build/obj/spi_lld.o
 .debug_abbrev  0x000000000000444d      0x24b build/obj/pwm_lld.o
 .debug_abbrev  0x0000000000004698      0x30e build/obj/serial_lld.o
 .debug_abbrev  0x00000000000049a6      0x1de build/obj/board.o
 .debug_abbrev  0x0000000000004b84      0x22e build/obj/fatfs_diskio.o
 .debug_abbrev  0x0000000000004db2      0x1d7 build/obj/fatfs_syscall.o
 .debug_abbrev  0x0000000000004f89      0x3f8 build/obj/ff.o
 .debug_abbrev  0x0000000000005381       0xa8 build/obj/ccsbcs.o
 .debug_abbrev  0x0000000000005429      0x3e1 build/obj/shell.o
 .debug_abbrev  0x000000000000580a      0x27c build/obj/chprintf.o
 .debug_abbrev  0x0000000000005a86      0x1fd build/obj/SCCB.o
 .debug_abbrev  0x0000000000005c83      0x200 build/obj/hwinit.o
 .debug_abbrev  0x0000000000005e83      0x129 build/obj/OV2640.o
 .debug_abbrev  0x0000000000005fac      0x52f build/obj/main.o

.debug_loc      0x0000000000000000     0xe667
 .debug_loc     0x0000000000000000       0xde build/obj/crt0.o
 .debug_loc     0x00000000000000de       0x5a build/obj/chcore_v7m.o
 .debug_loc     0x0000000000000138      0x159 build/obj/nvic.o
 .debug_loc     0x0000000000000291       0x31 build/obj/chsys.o
 .debug_loc     0x00000000000002c2       0x67 build/obj/chvt.o
 .debug_loc     0x0000000000000329      0x2d2 build/obj/chschd.o
 .debug_loc     0x00000000000005fb      0x3f6 build/obj/chthreads.o
 .debug_loc     0x00000000000009f1      0x1d4 build/obj/chdynamic.o
 .debug_loc     0x0000000000000bc5       0x3f build/obj/chregistry.o
 .debug_loc     0x0000000000000c04      0x4d4 build/obj/chsem.o
 .debug_loc     0x00000000000010d8      0x407 build/obj/chmtx.o
 .debug_loc     0x00000000000014df      0x591 build/obj/chevents.o
 .debug_loc     0x0000000000001a70      0x6bb build/obj/chqueues.o
 .debug_loc     0x000000000000212b       0xcc build/obj/chmemcore.o
 .debug_loc     0x00000000000021f7      0x3ae build/obj/chheap.o
 .debug_loc     0x00000000000025a5      0x185 build/obj/chmempools.o
 .debug_loc     0x000000000000272a       0x9d build/obj/hal.o
 .debug_loc     0x00000000000027c7      0x1f7 build/obj/i2c.o
 .debug_loc     0x00000000000029be      0xa07 build/obj/mmc_spi.o
 .debug_loc     0x00000000000033c5      0x131 build/obj/mmcsd.o
 .debug_loc     0x00000000000034f6      0x102 build/obj/pwm.o
 .debug_loc     0x00000000000035f8      0x4e4 build/obj/serial.o
 .debug_loc     0x0000000000003adc      0x468 build/obj/spi.o
 .debug_loc     0x0000000000003f44      0x21a build/obj/dcmi.o
 .debug_loc     0x000000000000415e      0x279 build/obj/stm32_dma.o
 .debug_loc     0x00000000000043d7      0x20b build/obj/dcmi_lld.o
 .debug_loc     0x00000000000045e2      0x1b2 build/obj/pal_lld.o
 .debug_loc     0x0000000000004794      0x6bb build/obj/i2c_lld.o
 .debug_loc     0x0000000000004e4f      0x28e build/obj/spi_lld.o
 .debug_loc     0x00000000000050dd      0x269 build/obj/pwm_lld.o
 .debug_loc     0x0000000000005346      0x20e build/obj/serial_lld.o
 .debug_loc     0x0000000000005554       0x42 build/obj/board.o
 .debug_loc     0x0000000000005596      0x30a build/obj/fatfs_diskio.o
 .debug_loc     0x00000000000058a0      0x105 build/obj/fatfs_syscall.o
 .debug_loc     0x00000000000059a5     0x67dd build/obj/ff.o
 .debug_loc     0x000000000000c182      0x125 build/obj/ccsbcs.o
 .debug_loc     0x000000000000c2a7      0x7a5 build/obj/shell.o
 .debug_loc     0x000000000000ca4c      0x76f build/obj/chprintf.o
 .debug_loc     0x000000000000d1bb      0x123 build/obj/SCCB.o
 .debug_loc     0x000000000000d2de       0xc9 build/obj/OV2640.o
 .debug_loc     0x000000000000d3a7     0x12c0 build/obj/main.o

.debug_aranges  0x0000000000000000      0xf98
 .debug_aranges
                0x0000000000000000       0x38 build/obj/crt0.o
 .debug_aranges
                0x0000000000000038       0x20 build/obj/vectors.o
 .debug_aranges
                0x0000000000000058       0x20 build/obj/chcore.o
 .debug_aranges
                0x0000000000000078       0x50 build/obj/chcore_v7m.o
 .debug_aranges
                0x00000000000000c8       0x30 build/obj/nvic.o
 .debug_aranges
                0x00000000000000f8       0x30 build/obj/chsys.o
 .debug_aranges
                0x0000000000000128       0x30 build/obj/chvt.o
 .debug_aranges
                0x0000000000000158       0x68 build/obj/chschd.o
 .debug_aranges
                0x00000000000001c0       0x78 build/obj/chthreads.o
 .debug_aranges
                0x0000000000000238       0x38 build/obj/chdynamic.o
 .debug_aranges
                0x0000000000000270       0x28 build/obj/chregistry.o
 .debug_aranges
                0x0000000000000298       0x70 build/obj/chsem.o
 .debug_aranges
                0x0000000000000308       0x58 build/obj/chmtx.o
 .debug_aranges
                0x0000000000000360       0xa0 build/obj/chevents.o
 .debug_aranges
                0x0000000000000400       0x70 build/obj/chqueues.o
 .debug_aranges
                0x0000000000000470       0x38 build/obj/chmemcore.o
 .debug_aranges
                0x00000000000004a8       0x40 build/obj/chheap.o
 .debug_aranges
                0x00000000000004e8       0x48 build/obj/chmempools.o
 .debug_aranges
                0x0000000000000530       0x30 build/obj/hal.o
 .debug_aranges
                0x0000000000000560       0x60 build/obj/i2c.o
 .debug_aranges
                0x00000000000005c0       0xd8 build/obj/mmc_spi.o
 .debug_aranges
                0x0000000000000698       0x20 build/obj/mmcsd.o
 .debug_aranges
                0x00000000000006b8       0x50 build/obj/pwm.o
 .debug_aranges
                0x0000000000000708       0x88 build/obj/serial.o
 .debug_aranges
                0x0000000000000790       0x98 build/obj/spi.o
 .debug_aranges
                0x0000000000000828       0x50 build/obj/dcmi.o
 .debug_aranges
                0x0000000000000878       0xb0 build/obj/stm32_dma.o
 .debug_aranges
                0x0000000000000928       0x28 build/obj/hal_lld.o
 .debug_aranges
                0x0000000000000950       0x48 build/obj/dcmi_lld.o
 .debug_aranges
                0x0000000000000998       0x28 build/obj/pal_lld.o
 .debug_aranges
                0x00000000000009c0       0x70 build/obj/i2c_lld.o
 .debug_aranges
                0x0000000000000a30       0x78 build/obj/spi_lld.o
 .debug_aranges
                0x0000000000000aa8       0x58 build/obj/pwm_lld.o
 .debug_aranges
                0x0000000000000b00       0x40 build/obj/serial_lld.o
 .debug_aranges
                0x0000000000000b40       0x38 build/obj/board.o
 .debug_aranges
                0x0000000000000b78       0x48 build/obj/fatfs_diskio.o
 .debug_aranges
                0x0000000000000bc0       0x48 build/obj/fatfs_syscall.o
 .debug_aranges
                0x0000000000000c08      0x170 build/obj/ff.o
 .debug_aranges
                0x0000000000000d78       0x28 build/obj/ccsbcs.o
 .debug_aranges
                0x0000000000000da0       0x68 build/obj/shell.o
 .debug_aranges
                0x0000000000000e08       0x30 build/obj/chprintf.o
 .debug_aranges
                0x0000000000000e38       0x28 build/obj/SCCB.o
 .debug_aranges
                0x0000000000000e60       0x20 build/obj/hwinit.o
 .debug_aranges
                0x0000000000000e80       0x30 build/obj/OV2640.o
 .debug_aranges
                0x0000000000000eb0       0xe8 build/obj/main.o

.debug_ranges   0x0000000000000000     0x1d60
 .debug_ranges  0x0000000000000000       0x58 build/obj/crt0.o
 .debug_ranges  0x0000000000000058       0x10 build/obj/vectors.o
 .debug_ranges  0x0000000000000068       0x10 build/obj/chcore.o
 .debug_ranges  0x0000000000000078       0x58 build/obj/chcore_v7m.o
 .debug_ranges  0x00000000000000d0       0x20 build/obj/nvic.o
 .debug_ranges  0x00000000000000f0       0x38 build/obj/chsys.o
 .debug_ranges  0x0000000000000128       0x20 build/obj/chvt.o
 .debug_ranges  0x0000000000000148      0x160 build/obj/chschd.o
 .debug_ranges  0x00000000000002a8      0x138 build/obj/chthreads.o
 .debug_ranges  0x00000000000003e0       0x28 build/obj/chdynamic.o
 .debug_ranges  0x0000000000000408       0x18 build/obj/chregistry.o
 .debug_ranges  0x0000000000000420      0x108 build/obj/chsem.o
 .debug_ranges  0x0000000000000528      0x168 build/obj/chmtx.o
 .debug_ranges  0x0000000000000690       0xf0 build/obj/chevents.o
 .debug_ranges  0x0000000000000780       0xd0 build/obj/chqueues.o
 .debug_ranges  0x0000000000000850       0x28 build/obj/chmemcore.o
 .debug_ranges  0x0000000000000878       0x30 build/obj/chheap.o
 .debug_ranges  0x00000000000008a8       0xc8 build/obj/chmempools.o
 .debug_ranges  0x0000000000000970       0x38 build/obj/hal.o
 .debug_ranges  0x00000000000009a8       0x98 build/obj/i2c.o
 .debug_ranges  0x0000000000000a40       0xf8 build/obj/mmc_spi.o
 .debug_ranges  0x0000000000000b38       0x28 build/obj/mmcsd.o
 .debug_ranges  0x0000000000000b60       0x70 build/obj/pwm.o
 .debug_ranges  0x0000000000000bd0       0xa8 build/obj/serial.o
 .debug_ranges  0x0000000000000c78      0x100 build/obj/spi.o
 .debug_ranges  0x0000000000000d78       0x70 build/obj/dcmi.o
 .debug_ranges  0x0000000000000de8       0xa0 build/obj/stm32_dma.o
 .debug_ranges  0x0000000000000e88       0x30 build/obj/hal_lld.o
 .debug_ranges  0x0000000000000eb8       0x60 build/obj/dcmi_lld.o
 .debug_ranges  0x0000000000000f18      0x108 build/obj/pal_lld.o
 .debug_ranges  0x0000000000001020      0x120 build/obj/i2c_lld.o
 .debug_ranges  0x0000000000001140       0x68 build/obj/spi_lld.o
 .debug_ranges  0x00000000000011a8       0x60 build/obj/pwm_lld.o
 .debug_ranges  0x0000000000001208       0xa8 build/obj/serial_lld.o
 .debug_ranges  0x00000000000012b0       0x28 build/obj/board.o
 .debug_ranges  0x00000000000012d8       0x38 build/obj/fatfs_diskio.o
 .debug_ranges  0x0000000000001310       0x38 build/obj/fatfs_syscall.o
 .debug_ranges  0x0000000000001348      0x6d0 build/obj/ff.o
 .debug_ranges  0x0000000000001a18       0x18 build/obj/ccsbcs.o
 .debug_ranges  0x0000000000001a30      0x100 build/obj/shell.o
 .debug_ranges  0x0000000000001b30       0x38 build/obj/chprintf.o
 .debug_ranges  0x0000000000001b68       0x18 build/obj/SCCB.o
 .debug_ranges  0x0000000000001b80       0x10 build/obj/hwinit.o
 .debug_ranges  0x0000000000001b90       0x20 build/obj/OV2640.o
 .debug_ranges  0x0000000000001bb0      0x1b0 build/obj/main.o

.debug_line     0x0000000000000000     0xad98
 .debug_line    0x0000000000000000      0x1a2 build/obj/crt0.o
 .debug_line    0x00000000000001a2      0x147 build/obj/vectors.o
 .debug_line    0x00000000000002e9       0x64 build/obj/chcore.o
 .debug_line    0x000000000000034d      0x299 build/obj/chcore_v7m.o
 .debug_line    0x00000000000005e6      0x183 build/obj/nvic.o
 .debug_line    0x0000000000000769      0x2c2 build/obj/chsys.o
 .debug_line    0x0000000000000a2b      0x1de build/obj/chvt.o
 .debug_line    0x0000000000000c09      0x3f0 build/obj/chschd.o
 .debug_line    0x0000000000000ff9      0x471 build/obj/chthreads.o
 .debug_line    0x000000000000146a      0x2dd build/obj/chdynamic.o
 .debug_line    0x0000000000001747      0x28d build/obj/chregistry.o
 .debug_line    0x00000000000019d4      0x39f build/obj/chsem.o
 .debug_line    0x0000000000001d73      0x3bb build/obj/chmtx.o
 .debug_line    0x000000000000212e      0x3b0 build/obj/chevents.o
 .debug_line    0x00000000000024de      0x457 build/obj/chqueues.o
 .debug_line    0x0000000000002935      0x1f9 build/obj/chmemcore.o
 .debug_line    0x0000000000002b2e      0x331 build/obj/chheap.o
 .debug_line    0x0000000000002e5f      0x286 build/obj/chmempools.o
 .debug_line    0x00000000000030e5      0x36f build/obj/hal.o
 .debug_line    0x0000000000003454      0x403 build/obj/i2c.o
 .debug_line    0x0000000000003857      0x6e8 build/obj/mmc_spi.o
 .debug_line    0x0000000000003f3f      0x199 build/obj/mmcsd.o
 .debug_line    0x00000000000040d8      0x275 build/obj/pwm.o
 .debug_line    0x000000000000434d      0x46a build/obj/serial.o
 .debug_line    0x00000000000047b7      0x4c2 build/obj/spi.o
 .debug_line    0x0000000000004c79      0x39f build/obj/dcmi.o
 .debug_line    0x0000000000005018      0x466 build/obj/stm32_dma.o
 .debug_line    0x000000000000547e      0x269 build/obj/hal_lld.o
 .debug_line    0x00000000000056e7      0x410 build/obj/dcmi_lld.o
 .debug_line    0x0000000000005af7      0x27c build/obj/pal_lld.o
 .debug_line    0x0000000000005d73      0x693 build/obj/i2c_lld.o
 .debug_line    0x0000000000006406      0x53f build/obj/spi_lld.o
 .debug_line    0x0000000000006945      0x3c6 build/obj/pwm_lld.o
 .debug_line    0x0000000000006d0b      0x43d build/obj/serial_lld.o
 .debug_line    0x0000000000007148      0x381 build/obj/board.o
 .debug_line    0x00000000000074c9      0x43c build/obj/fatfs_diskio.o
 .debug_line    0x0000000000007905      0x302 build/obj/fatfs_syscall.o
 .debug_line    0x0000000000007c07     0x15c2 build/obj/ff.o
 .debug_line    0x00000000000091c9       0xee build/obj/ccsbcs.o
 .debug_line    0x00000000000092b7      0x4ad build/obj/shell.o
 .debug_line    0x0000000000009764      0x33f build/obj/chprintf.o
 .debug_line    0x0000000000009aa3      0x346 build/obj/SCCB.o
 .debug_line    0x0000000000009de9      0x488 build/obj/hwinit.o
 .debug_line    0x000000000000a271      0x1d8 build/obj/OV2640.o
 .debug_line    0x000000000000a449      0x94f build/obj/main.o

.debug_str      0x0000000000000000     0x3c26
 .debug_str     0x0000000000000000      0x2b5 build/obj/crt0.o
                                        0x2ff (size before relaxing)
 .debug_str     0x00000000000002b5      0x156 build/obj/vectors.o
                                        0x320 (size before relaxing)
 .debug_str     0x000000000000040b       0x3e build/obj/chcore.o
                                        0x1e8 (size before relaxing)
 .debug_str     0x0000000000000449      0x2f6 build/obj/chcore_v7m.o
                                        0x4dc (size before relaxing)
 .debug_str     0x000000000000073f       0xaf build/obj/nvic.o
                                        0x2f2 (size before relaxing)
 .debug_str     0x00000000000007ee      0x21a build/obj/chsys.o
                                        0x5ca (size before relaxing)
 .debug_str     0x0000000000000a08       0x47 build/obj/chvt.o
                                        0x273 (size before relaxing)
 .debug_str     0x0000000000000a4f       0xe6 build/obj/chschd.o
                                        0x4e9 (size before relaxing)
 .debug_str     0x0000000000000b35       0xe4 build/obj/chthreads.o
                                        0x554 (size before relaxing)
 .debug_str     0x0000000000000c19      0x11e build/obj/chdynamic.o
                                        0x4d6 (size before relaxing)
 .debug_str     0x0000000000000d37       0x53 build/obj/chregistry.o
                                        0x4e2 (size before relaxing)
 .debug_str     0x0000000000000d8a       0xd9 build/obj/chsem.o
                                        0x4cd (size before relaxing)
 .debug_str     0x0000000000000e63       0xa2 build/obj/chmtx.o
                                        0x46e (size before relaxing)
 .debug_str     0x0000000000000f05      0x1ca build/obj/chevents.o
                                        0x592 (size before relaxing)
 .debug_str     0x00000000000010cf      0x12a build/obj/chqueues.o
                                        0x4f9 (size before relaxing)
 .debug_str     0x00000000000011f9       0x81 build/obj/chmemcore.o
                                        0x268 (size before relaxing)
 .debug_str     0x000000000000127a       0x59 build/obj/chheap.o
                                        0x45d (size before relaxing)
 .debug_str     0x00000000000012d3       0x66 build/obj/chmempools.o
                                        0x2b6 (size before relaxing)
 .debug_str     0x0000000000001339      0x198 build/obj/hal.o
                                        0x385 (size before relaxing)
 .debug_str     0x00000000000014d1      0x34c build/obj/i2c.o
                                        0x6f8 (size before relaxing)
 .debug_str     0x000000000000181d      0x3f8 build/obj/mmc_spi.o
                                        0x89e (size before relaxing)
 .debug_str     0x0000000000001c15       0x5b build/obj/mmcsd.o
                                        0x254 (size before relaxing)
 .debug_str     0x0000000000001c70      0x1c1 build/obj/pwm.o
                                        0x3ec (size before relaxing)
 .debug_str     0x0000000000001e31      0x128 build/obj/serial.o
                                        0x671 (size before relaxing)
 .debug_str     0x0000000000001f59      0x120 build/obj/spi.o
                                        0x72a (size before relaxing)
 .debug_str     0x0000000000002079      0x1ac build/obj/dcmi.o
                                        0x5d3 (size before relaxing)
 .debug_str     0x0000000000002225      0x758 build/obj/stm32_dma.o
                                        0xa3e (size before relaxing)
 .debug_str     0x000000000000297d       0xcf build/obj/hal_lld.o
                                        0x41c (size before relaxing)
 .debug_str     0x0000000000002a4c       0x7e build/obj/dcmi_lld.o
                                        0xc2b (size before relaxing)
 .debug_str     0x0000000000002aca       0x88 build/obj/pal_lld.o
                                        0x47a (size before relaxing)
 .debug_str     0x0000000000002b52      0x13c build/obj/i2c_lld.o
                                        0xe8d (size before relaxing)
 .debug_str     0x0000000000002c8e       0xae build/obj/spi_lld.o
                                        0x7d0 (size before relaxing)
 .debug_str     0x0000000000002d3c       0x82 build/obj/pwm_lld.o
                                        0x53f (size before relaxing)
 .debug_str     0x0000000000002dbe       0x76 build/obj/serial_lld.o
                                        0x717 (size before relaxing)
 .debug_str     0x0000000000002e34       0x6f build/obj/board.o
                                        0x79a (size before relaxing)
 .debug_str     0x0000000000002ea3       0xe5 build/obj/fatfs_diskio.o
                                        0x801 (size before relaxing)
 .debug_str     0x0000000000002f88       0xa8 build/obj/fatfs_syscall.o
                                        0x4d0 (size before relaxing)
 .debug_str     0x0000000000003030      0x4da build/obj/ff.o
                                        0x98a (size before relaxing)
 .debug_str     0x000000000000350a       0x49 build/obj/ccsbcs.o
                                        0x215 (size before relaxing)
 .debug_str     0x0000000000003553      0x1a5 build/obj/shell.o
                                        0x6e6 (size before relaxing)
 .debug_str     0x00000000000036f8       0xc8 build/obj/chprintf.o
                                        0x32c (size before relaxing)
 .debug_str     0x00000000000037c0       0x1c build/obj/SCCB.o
                                        0x60f (size before relaxing)
 .debug_str     0x00000000000037dc       0x33 build/obj/hwinit.o
                                        0x991 (size before relaxing)
 .debug_str     0x000000000000380f      0x1ad build/obj/OV2640.o
                                        0x3a9 (size before relaxing)
 .debug_str     0x00000000000039bc      0x26a build/obj/main.o
                                       0x1397 (size before relaxing)

.comment        0x0000000000000000       0x70
 .comment       0x0000000000000000       0x70 build/obj/crt0.o
                                         0x71 (size before relaxing)
 .comment       0x0000000000000000       0x71 build/obj/vectors.o
 .comment       0x0000000000000000       0x71 build/obj/chcore.o
 .comment       0x0000000000000000       0x71 build/obj/chcore_v7m.o
 .comment       0x0000000000000000       0x71 build/obj/nvic.o
 .comment       0x0000000000000000       0x71 build/obj/chsys.o
 .comment       0x0000000000000000       0x71 build/obj/chvt.o
 .comment       0x0000000000000000       0x71 build/obj/chschd.o
 .comment       0x0000000000000000       0x71 build/obj/chthreads.o
 .comment       0x0000000000000000       0x71 build/obj/chdynamic.o
 .comment       0x0000000000000000       0x71 build/obj/chregistry.o
 .comment       0x0000000000000000       0x71 build/obj/chsem.o
 .comment       0x0000000000000000       0x71 build/obj/chmtx.o
 .comment       0x0000000000000000       0x71 build/obj/chevents.o
 .comment       0x0000000000000000       0x71 build/obj/chqueues.o
 .comment       0x0000000000000000       0x71 build/obj/chmemcore.o
 .comment       0x0000000000000000       0x71 build/obj/chheap.o
 .comment       0x0000000000000000       0x71 build/obj/chmempools.o
 .comment       0x0000000000000000       0x71 build/obj/hal.o
 .comment       0x0000000000000000       0x71 build/obj/i2c.o
 .comment       0x0000000000000000       0x71 build/obj/mmc_spi.o
 .comment       0x0000000000000000       0x71 build/obj/mmcsd.o
 .comment       0x0000000000000000       0x71 build/obj/pwm.o
 .comment       0x0000000000000000       0x71 build/obj/serial.o
 .comment       0x0000000000000000       0x71 build/obj/spi.o
 .comment       0x0000000000000000       0x71 build/obj/dcmi.o
 .comment       0x0000000000000000       0x71 build/obj/stm32_dma.o
 .comment       0x0000000000000000       0x71 build/obj/hal_lld.o
 .comment       0x0000000000000000       0x71 build/obj/dcmi_lld.o
 .comment       0x0000000000000000       0x71 build/obj/pal_lld.o
 .comment       0x0000000000000000       0x71 build/obj/i2c_lld.o
 .comment       0x0000000000000000       0x71 build/obj/spi_lld.o
 .comment       0x0000000000000000       0x71 build/obj/pwm_lld.o
 .comment       0x0000000000000000       0x71 build/obj/serial_lld.o
 .comment       0x0000000000000000       0x71 build/obj/board.o
 .comment       0x0000000000000000       0x71 build/obj/fatfs_diskio.o
 .comment       0x0000000000000000       0x71 build/obj/fatfs_syscall.o
 .comment       0x0000000000000000       0x71 build/obj/ff.o
 .comment       0x0000000000000000       0x71 build/obj/ccsbcs.o
 .comment       0x0000000000000000       0x71 build/obj/shell.o
 .comment       0x0000000000000000       0x71 build/obj/chprintf.o
 .comment       0x0000000000000000       0x71 build/obj/SCCB.o
 .comment       0x0000000000000000       0x71 build/obj/hwinit.o
 .comment       0x0000000000000000       0x71 build/obj/OV2640.o
 .comment       0x0000000000000000       0x71 build/obj/main.o

.ARM.attributes
                0x0000000000000000       0x33
 .ARM.attributes
                0x0000000000000000       0x33 build/obj/crt0.o
 .ARM.attributes
                0x0000000000000033       0x33 build/obj/vectors.o
 .ARM.attributes
                0x0000000000000066       0x33 build/obj/chcore.o
 .ARM.attributes
                0x0000000000000099       0x33 build/obj/chcore_v7m.o
 .ARM.attributes
                0x00000000000000cc       0x33 build/obj/nvic.o
 .ARM.attributes
                0x00000000000000ff       0x33 build/obj/chsys.o
 .ARM.attributes
                0x0000000000000132       0x33 build/obj/chvt.o
 .ARM.attributes
                0x0000000000000165       0x33 build/obj/chschd.o
 .ARM.attributes
                0x0000000000000198       0x33 build/obj/chthreads.o
 .ARM.attributes
                0x00000000000001cb       0x33 build/obj/chdynamic.o
 .ARM.attributes
                0x00000000000001fe       0x33 build/obj/chregistry.o
 .ARM.attributes
                0x0000000000000231       0x33 build/obj/chsem.o
 .ARM.attributes
                0x0000000000000264       0x33 build/obj/chmtx.o
 .ARM.attributes
                0x0000000000000297       0x33 build/obj/chevents.o
 .ARM.attributes
                0x00000000000002ca       0x33 build/obj/chqueues.o
 .ARM.attributes
                0x00000000000002fd       0x33 build/obj/chmemcore.o
 .ARM.attributes
                0x0000000000000330       0x33 build/obj/chheap.o
 .ARM.attributes
                0x0000000000000363       0x33 build/obj/chmempools.o
 .ARM.attributes
                0x0000000000000396       0x33 build/obj/hal.o
 .ARM.attributes
                0x00000000000003c9       0x33 build/obj/i2c.o
 .ARM.attributes
                0x00000000000003fc       0x33 build/obj/mmc_spi.o
 .ARM.attributes
                0x000000000000042f       0x33 build/obj/mmcsd.o
 .ARM.attributes
                0x0000000000000462       0x33 build/obj/pwm.o
 .ARM.attributes
                0x0000000000000495       0x33 build/obj/serial.o
 .ARM.attributes
                0x00000000000004c8       0x33 build/obj/spi.o
 .ARM.attributes
                0x00000000000004fb       0x33 build/obj/dcmi.o
 .ARM.attributes
                0x000000000000052e       0x33 build/obj/stm32_dma.o
 .ARM.attributes
                0x0000000000000561       0x33 build/obj/hal_lld.o
 .ARM.attributes
                0x0000000000000594       0x33 build/obj/dcmi_lld.o
 .ARM.attributes
                0x00000000000005c7       0x33 build/obj/pal_lld.o
 .ARM.attributes
                0x00000000000005fa       0x33 build/obj/i2c_lld.o
 .ARM.attributes
                0x000000000000062d       0x33 build/obj/spi_lld.o
 .ARM.attributes
                0x0000000000000660       0x33 build/obj/pwm_lld.o
 .ARM.attributes
                0x0000000000000693       0x33 build/obj/serial_lld.o
 .ARM.attributes
                0x00000000000006c6       0x33 build/obj/board.o
 .ARM.attributes
                0x00000000000006f9       0x33 build/obj/fatfs_diskio.o
 .ARM.attributes
                0x000000000000072c       0x33 build/obj/fatfs_syscall.o
 .ARM.attributes
                0x000000000000075f       0x33 build/obj/ff.o
 .ARM.attributes
                0x0000000000000792       0x33 build/obj/ccsbcs.o
 .ARM.attributes
                0x00000000000007c5       0x33 build/obj/shell.o
 .ARM.attributes
                0x00000000000007f8       0x33 build/obj/chprintf.o
 .ARM.attributes
                0x000000000000082b       0x33 build/obj/SCCB.o
 .ARM.attributes
                0x000000000000085e       0x33 build/obj/hwinit.o
 .ARM.attributes
                0x0000000000000891       0x33 build/obj/OV2640.o
 .ARM.attributes
                0x00000000000008c4       0x33 build/obj/main.o
 .ARM.attributes
                0x00000000000008f7       0x2e /Users/mikevanis/Documents/workspace/gcc-arm-none-eabi-4_8-2014q1/bin/../lib/gcc/arm-none-eabi/4.8.3/../../../../arm-none-eabi/lib/armv7e-m/libg.a(lib_a-strcasecmp.o)
 .ARM.attributes
                0x0000000000000925       0x2e /Users/mikevanis/Documents/workspace/gcc-arm-none-eabi-4_8-2014q1/bin/../lib/gcc/arm-none-eabi/4.8.3/../../../../arm-none-eabi/lib/armv7e-m/libg.a(lib_a-strpbrk.o)
 .ARM.attributes
                0x0000000000000953       0x2e /Users/mikevanis/Documents/workspace/gcc-arm-none-eabi-4_8-2014q1/bin/../lib/gcc/arm-none-eabi/4.8.3/../../../../arm-none-eabi/lib/armv7e-m/libg.a(lib_a-strspn.o)
 .ARM.attributes
                0x0000000000000981       0x2e /Users/mikevanis/Documents/workspace/gcc-arm-none-eabi-4_8-2014q1/bin/../lib/gcc/arm-none-eabi/4.8.3/../../../../arm-none-eabi/lib/armv7e-m/libg.a(lib_a-ctype_.o)

.debug_frame    0x0000000000000000     0x2b84
 .debug_frame   0x0000000000000000       0x50 build/obj/crt0.o
 .debug_frame   0x0000000000000050       0x20 build/obj/vectors.o
 .debug_frame   0x0000000000000070       0x20 build/obj/chcore.o
 .debug_frame   0x0000000000000090       0x98 build/obj/chcore_v7m.o
 .debug_frame   0x0000000000000128       0x64 build/obj/nvic.o
 .debug_frame   0x000000000000018c       0x5c build/obj/chsys.o
 .debug_frame   0x00000000000001e8       0x4c build/obj/chvt.o
 .debug_frame   0x0000000000000234      0x108 build/obj/chschd.o
 .debug_frame   0x000000000000033c      0x184 build/obj/chthreads.o
 .debug_frame   0x00000000000004c0       0x7c build/obj/chdynamic.o
 .debug_frame   0x000000000000053c       0x3c build/obj/chregistry.o
 .debug_frame   0x0000000000000578      0x130 build/obj/chsem.o
 .debug_frame   0x00000000000006a8       0xdc build/obj/chmtx.o
 .debug_frame   0x0000000000000784      0x1d8 build/obj/chevents.o
 .debug_frame   0x000000000000095c      0x180 build/obj/chqueues.o
 .debug_frame   0x0000000000000adc       0x50 build/obj/chmemcore.o
 .debug_frame   0x0000000000000b2c       0x98 build/obj/chheap.o
 .debug_frame   0x0000000000000bc4       0x88 build/obj/chmempools.o
 .debug_frame   0x0000000000000c4c       0x4c build/obj/hal.o
 .debug_frame   0x0000000000000c98       0xe8 build/obj/i2c.o
 .debug_frame   0x0000000000000d80      0x2dc build/obj/mmc_spi.o
 .debug_frame   0x000000000000105c       0x20 build/obj/mmcsd.o
 .debug_frame   0x000000000000107c       0xb0 build/obj/pwm.o
 .debug_frame   0x000000000000112c      0x13c build/obj/serial.o
 .debug_frame   0x0000000000001268      0x1a8 build/obj/spi.o
 .debug_frame   0x0000000000001410       0xc8 build/obj/dcmi.o
 .debug_frame   0x00000000000014d8      0x230 build/obj/stm32_dma.o
 .debug_frame   0x0000000000001708       0x44 build/obj/hal_lld.o
 .debug_frame   0x000000000000174c       0xc0 build/obj/dcmi_lld.o
 .debug_frame   0x000000000000180c       0x68 build/obj/pal_lld.o
 .debug_frame   0x0000000000001874      0x18c build/obj/i2c_lld.o
 .debug_frame   0x0000000000001a00      0x13c build/obj/spi_lld.o
 .debug_frame   0x0000000000001b3c       0xec build/obj/pwm_lld.o
 .debug_frame   0x0000000000001c28       0x94 build/obj/serial_lld.o
 .debug_frame   0x0000000000001cbc       0x50 build/obj/board.o
 .debug_frame   0x0000000000001d0c       0xa8 build/obj/fatfs_diskio.o
 .debug_frame   0x0000000000001db4       0x94 build/obj/fatfs_syscall.o
 .debug_frame   0x0000000000001e48      0x698 build/obj/ff.o
 .debug_frame   0x00000000000024e0       0x38 build/obj/ccsbcs.o
 .debug_frame   0x0000000000002518      0x138 build/obj/shell.o
 .debug_frame   0x0000000000002650       0x90 build/obj/chprintf.o
 .debug_frame   0x00000000000026e0       0x5c build/obj/SCCB.o
 .debug_frame   0x000000000000273c       0x3c build/obj/hwinit.o
 .debug_frame   0x0000000000002778       0x64 build/obj/OV2640.o
 .debug_frame   0x00000000000027dc      0x328 build/obj/main.o
 .debug_frame   0x0000000000002b04       0x28 /Users/mikevanis/Documents/workspace/gcc-arm-none-eabi-4_8-2014q1/bin/../lib/gcc/arm-none-eabi/4.8.3/../../../../arm-none-eabi/lib/armv7e-m/libg.a(lib_a-strcasecmp.o)
 .debug_frame   0x0000000000002b2c       0x2c /Users/mikevanis/Documents/workspace/gcc-arm-none-eabi-4_8-2014q1/bin/../lib/gcc/arm-none-eabi/4.8.3/../../../../arm-none-eabi/lib/armv7e-m/libg.a(lib_a-strpbrk.o)
 .debug_frame   0x0000000000002b58       0x2c /Users/mikevanis/Documents/workspace/gcc-arm-none-eabi-4_8-2014q1/bin/../lib/gcc/arm-none-eabi/4.8.3/../../../../arm-none-eabi/lib/armv7e-m/libg.a(lib_a-strspn.o)

Cross Reference Table

Symbol                                            File
BusFaultVector                                    build/obj/vectors.o
DCMID1                                            build/obj/dcmi_lld.o
                                                  build/obj/main.o